Archive member included to satisfy reference by file (symbol)

/opt/st/stm32cubeide_1.12.0/plugins/com.st.stm32cube.ide.mcu.externaltools.gnu-tools-for-stm32.10.3-2021.10.linux64_1.0.200.202301161003/tools/bin/../lib/gcc/arm-none-eabi/10.3.1/../../../../arm-none-eabi/lib/thumb/v7e-m+fp/hard/libstdc++_nano.a(pure.o)
                              ./Core/Src/MAIN/main.o (__cxa_pure_virtual)
/opt/st/stm32cubeide_1.12.0/plugins/com.st.stm32cube.ide.mcu.externaltools.gnu-tools-for-stm32.10.3-2021.10.linux64_1.0.200.202301161003/tools/bin/../lib/gcc/arm-none-eabi/10.3.1/../../../../arm-none-eabi/lib/thumb/v7e-m+fp/hard/libstdc++_nano.a(eh_terminate.o)
                              /opt/st/stm32cubeide_1.12.0/plugins/com.st.stm32cube.ide.mcu.externaltools.gnu-tools-for-stm32.10.3-2021.10.linux64_1.0.200.202301161003/tools/bin/../lib/gcc/arm-none-eabi/10.3.1/../../../../arm-none-eabi/lib/thumb/v7e-m+fp/hard/libstdc++_nano.a(pure.o) (std::terminate())
/opt/st/stm32cubeide_1.12.0/plugins/com.st.stm32cube.ide.mcu.externaltools.gnu-tools-for-stm32.10.3-2021.10.linux64_1.0.200.202301161003/tools/bin/../lib/gcc/arm-none-eabi/10.3.1/../../../../arm-none-eabi/lib/thumb/v7e-m+fp/hard/libstdc++_nano.a(eh_unex_handler.o)
                              /opt/st/stm32cubeide_1.12.0/plugins/com.st.stm32cube.ide.mcu.externaltools.gnu-tools-for-stm32.10.3-2021.10.linux64_1.0.200.202301161003/tools/bin/../lib/gcc/arm-none-eabi/10.3.1/../../../../arm-none-eabi/lib/thumb/v7e-m+fp/hard/libstdc++_nano.a(eh_terminate.o) (__cxxabiv1::__unexpected_handler)
/opt/st/stm32cubeide_1.12.0/plugins/com.st.stm32cube.ide.mcu.externaltools.gnu-tools-for-stm32.10.3-2021.10.linux64_1.0.200.202301161003/tools/bin/../lib/gcc/arm-none-eabi/10.3.1/../../../../arm-none-eabi/lib/thumb/v7e-m+fp/hard/libstdc++_nano.a(eh_term_handler.o)
                              /opt/st/stm32cubeide_1.12.0/plugins/com.st.stm32cube.ide.mcu.externaltools.gnu-tools-for-stm32.10.3-2021.10.linux64_1.0.200.202301161003/tools/bin/../lib/gcc/arm-none-eabi/10.3.1/../../../../arm-none-eabi/lib/thumb/v7e-m+fp/hard/libstdc++_nano.a(eh_terminate.o) (__cxxabiv1::__terminate_handler)
/opt/st/stm32cubeide_1.12.0/plugins/com.st.stm32cube.ide.mcu.externaltools.gnu-tools-for-stm32.10.3-2021.10.linux64_1.0.200.202301161003/tools/bin/../lib/gcc/arm-none-eabi/10.3.1/../../../../arm-none-eabi/lib/thumb/v7e-m+fp/hard/libc_nano.a(lib_a-abort.o)
                              /opt/st/stm32cubeide_1.12.0/plugins/com.st.stm32cube.ide.mcu.externaltools.gnu-tools-for-stm32.10.3-2021.10.linux64_1.0.200.202301161003/tools/bin/../lib/gcc/arm-none-eabi/10.3.1/../../../../arm-none-eabi/lib/thumb/v7e-m+fp/hard/libstdc++_nano.a(eh_terminate.o) (abort)
/opt/st/stm32cubeide_1.12.0/plugins/com.st.stm32cube.ide.mcu.externaltools.gnu-tools-for-stm32.10.3-2021.10.linux64_1.0.200.202301161003/tools/bin/../lib/gcc/arm-none-eabi/10.3.1/../../../../arm-none-eabi/lib/thumb/v7e-m+fp/hard/libc_nano.a(lib_a-errno.o)
                              ./Core/Src/syscalls.o (__errno)
/opt/st/stm32cubeide_1.12.0/plugins/com.st.stm32cube.ide.mcu.externaltools.gnu-tools-for-stm32.10.3-2021.10.linux64_1.0.200.202301161003/tools/bin/../lib/gcc/arm-none-eabi/10.3.1/../../../../arm-none-eabi/lib/thumb/v7e-m+fp/hard/libc_nano.a(lib_a-exit.o)
                              /opt/st/stm32cubeide_1.12.0/plugins/com.st.stm32cube.ide.mcu.externaltools.gnu-tools-for-stm32.10.3-2021.10.linux64_1.0.200.202301161003/tools/bin/../lib/gcc/arm-none-eabi/10.3.1/../../../../arm-none-eabi/lib/thumb/v7e-m+fp/hard/crt0.o (exit)
/opt/st/stm32cubeide_1.12.0/plugins/com.st.stm32cube.ide.mcu.externaltools.gnu-tools-for-stm32.10.3-2021.10.linux64_1.0.200.202301161003/tools/bin/../lib/gcc/arm-none-eabi/10.3.1/../../../../arm-none-eabi/lib/thumb/v7e-m+fp/hard/libc_nano.a(lib_a-impure.o)
                              /opt/st/stm32cubeide_1.12.0/plugins/com.st.stm32cube.ide.mcu.externaltools.gnu-tools-for-stm32.10.3-2021.10.linux64_1.0.200.202301161003/tools/bin/../lib/gcc/arm-none-eabi/10.3.1/../../../../arm-none-eabi/lib/thumb/v7e-m+fp/hard/libc_nano.a(lib_a-exit.o) (_global_impure_ptr)
/opt/st/stm32cubeide_1.12.0/plugins/com.st.stm32cube.ide.mcu.externaltools.gnu-tools-for-stm32.10.3-2021.10.linux64_1.0.200.202301161003/tools/bin/../lib/gcc/arm-none-eabi/10.3.1/../../../../arm-none-eabi/lib/thumb/v7e-m+fp/hard/libc_nano.a(lib_a-init.o)
                              /opt/st/stm32cubeide_1.12.0/plugins/com.st.stm32cube.ide.mcu.externaltools.gnu-tools-for-stm32.10.3-2021.10.linux64_1.0.200.202301161003/tools/bin/../lib/gcc/arm-none-eabi/10.3.1/../../../../arm-none-eabi/lib/thumb/v7e-m+fp/hard/crt0.o (__libc_init_array)
/opt/st/stm32cubeide_1.12.0/plugins/com.st.stm32cube.ide.mcu.externaltools.gnu-tools-for-stm32.10.3-2021.10.linux64_1.0.200.202301161003/tools/bin/../lib/gcc/arm-none-eabi/10.3.1/../../../../arm-none-eabi/lib/thumb/v7e-m+fp/hard/libc_nano.a(lib_a-memcpy-stub.o)
                              ./Core/Src/MAIN/main.o (memcpy)
[...]
Memory Configuration

Name             Origin             Length             Attributes
CCMRAM           0x0000000010000000 0x0000000000010000 xrw
RAM              0x0000000020000000 0x0000000000020000 xrw
FLASH            0x0000000008000000 0x0000000000100000 xr
*default*        0x0000000000000000 0xffffffffffffffff

Linker script and memory map

LOAD /opt/st/stm32cubeide_1.12.0/plugins/com.st.stm32cube.ide.mcu.externaltools.gnu-tools-for-stm32.10.3-2021.10.linux64_1.0.200.202301161003/tools/bin/../lib/gcc/arm-none-eabi/10.3.1/thumb/v7e-m+fp/hard/crti.o
LOAD /opt/st/stm32cubeide_1.12.0/plugins/com.st.stm32cube.ide.mcu.externaltools.gnu-tools-for-stm32.10.3-2021.10.linux64_1.0.200.202301161003/tools/bin/../lib/gcc/arm-none-eabi/10.3.1/thumb/v7e-m+fp/hard/crtbegin.o
LOAD /opt/st/stm32cubeide_1.12.0/plugins/com.st.stm32cube.ide.mcu.externaltools.gnu-tools-for-stm32.10.3-2021.10.linux64_1.0.200.202301161003/tools/bin/../lib/gcc/arm-none-eabi/10.3.1/../../../../arm-none-eabi/lib/thumb/v7e-m+fp/hard/crt0.o
LOAD ./Core/Inc/time.o
LOAD ./Core/Src/ABT/ABT.o
LOAD ./Core/Src/ADC/adc.o
LOAD ./Core/Src/BIOS/bdc.o
LOAD ./Core/Src/BIOS/gpio.o
LOAD ./Core/Src/BIOS/multiplexer.o
LOAD ./Core/Src/BIOS/pwm.o
LOAD ./Core/Src/BIOS/qei.o
LOAD ./Core/Src/BIOS/shiftreg.o
LOAD ./Core/Src/BIOS/system.o
LOAD ./Core/Src/BIOS/timer.o
LOAD ./Core/Src/BIOS/uart.o
LOAD ./Core/Src/CAN/can.o
LOAD ./Core/Src/I2C/i2c.o
LOAD ./Core/Src/KF/KF.o
LOAD ./Core/Src/MAIN/main.o
LOAD ./Core/Src/MODN/MODN.o
LOAD ./Core/Src/PID/PID.o
LOAD ./Core/Src/PSx_Interface/PSx_Interface.o
LOAD ./Core/Src/RNS_interface/RNS_interface.o
LOAD ./Core/Src/ROS/hardwareserial.o
LOAD ./Core/Src/ROS/millisecondtimer.o
LOAD ./Core/Src/SERVO/servo.o
LOAD ./Core/Src/SPI/SPI.o
LOAD ./Core/Src/adapter.o
LOAD ./Core/Src/common.o
LOAD ./Core/Src/interrupt.o
LOAD ./Core/Src/syscalls.o
LOAD ./Core/Src/sysmem.o
LOAD ./Core/Src/system_stm32f4xx.o
LOAD ./Core/Startup/startup_stm32f407vgtx.o
LOAD ./Drivers/STM32F4xx_HAL_Driver/Src/stm32f4xx_hal.o
LOAD ./Drivers/STM32F4xx_HAL_Driver/Src/stm32f4xx_hal_adc.o
LOAD ./Drivers/STM32F4xx_HAL_Driver/Src/stm32f4xx_hal_adc_ex.o
LOAD ./Drivers/STM32F4xx_HAL_Driver/Src/stm32f4xx_hal_can.o
LOAD ./Drivers/STM32F4xx_HAL_Driver/Src/stm32f4xx_hal_cortex.o
LOAD ./Drivers/STM32F4xx_HAL_Driver/Src/stm32f4xx_hal_dma.o
LOAD ./Drivers/STM32F4xx_HAL_Driver/Src/stm32f4xx_hal_dma_ex.o
LOAD ./Drivers/STM32F4xx_HAL_Driver/Src/stm32f4xx_hal_exti.o
LOAD ./Drivers/STM32F4xx_HAL_Driver/Src/stm32f4xx_hal_flash.o
LOAD ./Drivers/STM32F4xx_HAL_Driver/Src/stm32f4xx_hal_flash_ex.o
LOAD ./Drivers/STM32F4xx_HAL_Driver/Src/stm32f4xx_hal_flash_ramfunc.o
LOAD ./Drivers/STM32F4xx_HAL_Driver/Src/stm32f4xx_hal_gpio.o
LOAD ./Drivers/STM32F4xx_HAL_Driver/Src/stm32f4xx_hal_hcd.o
LOAD ./Drivers/STM32F4xx_HAL_Driver/Src/stm32f4xx_hal_i2c.o
LOAD ./Drivers/STM32F4xx_HAL_Driver/Src/stm32f4xx_hal_i2c_ex.o
LOAD ./Drivers/STM32F4xx_HAL_Driver/Src/stm32f4xx_hal_pwr.o
LOAD ./Drivers/STM32F4xx_HAL_Driver/Src/stm32f4xx_hal_pwr_ex.o
LOAD ./Drivers/STM32F4xx_HAL_Driver/Src/stm32f4xx_hal_rcc.o
LOAD ./Drivers/STM32F4xx_HAL_Driver/Src/stm32f4xx_hal_rcc_ex.o
LOAD ./Drivers/STM32F4xx_HAL_Driver/Src/stm32f4xx_hal_spi.o
LOAD ./Drivers/STM32F4xx_HAL_Driver/Src/stm32f4xx_hal_tim.o
LOAD ./Drivers/STM32F4xx_HAL_Driver/Src/stm32f4xx_hal_tim_ex.o
LOAD ./Drivers/STM32F4xx_HAL_Driver/Src/stm32f4xx_hal_uart.o
LOAD ./Drivers/STM32F4xx_HAL_Driver/Src/stm32f4xx_ll_usb.o
START GROUP
LOAD /opt/st/stm32cubeide_1.12.0/plugins/com.st.stm32cube.ide.mcu.externaltools.gnu-tools-for-stm32.10.3-2021.10.linux64_1.0.200.202301161003/tools/bin/../lib/gcc/arm-none-eabi/10.3.1/../../../../arm-none-eabi/lib/thumb/v7e-m+fp/hard/libstdc++_nano.a
LOAD /opt/st/stm32cubeide_1.12.0/plugins/com.st.stm32cube.ide.mcu.externaltools.gnu-tools-for-stm32.10.3-2021.10.linux64_1.0.200.202301161003/tools/bin/../lib/gcc/arm-none-eabi/10.3.1/../../../../arm-none-eabi/lib/thumb/v7e-m+fp/hard/libsupc++_nano.a
END GROUP
LOAD /opt/st/stm32cubeide_1.12.0/plugins/com.st.stm32cube.ide.mcu.externaltools.gnu-tools-for-stm32.10.3-2021.10.linux64_1.0.200.202301161003/tools/bin/../lib/gcc/arm-none-eabi/10.3.1/../../../../arm-none-eabi/lib/thumb/v7e-m+fp/hard/libstdc++_nano.a
LOAD /opt/st/stm32cubeide_1.12.0/plugins/com.st.stm32cube.ide.mcu.externaltools.gnu-tools-for-stm32.10.3-2021.10.linux64_1.0.200.202301161003/tools/bin/../lib/gcc/arm-none-eabi/10.3.1/../../../../arm-none-eabi/lib/thumb/v7e-m+fp/hard/libm.a
LOAD /opt/st/stm32cubeide_1.12.0/plugins/com.st.stm32cube.ide.mcu.externaltools.gnu-tools-for-stm32.10.3-2021.10.linux64_1.0.200.202301161003/tools/bin/../lib/gcc/arm-none-eabi/10.3.1/../../../../arm-none-eabi/lib/thumb/v7e-m+fp/hard/libc_nano.a
START GROUP
LOAD /opt/st/stm32cubeide_1.12.0/plugins/com.st.stm32cube.ide.mcu.externaltools.gnu-tools-for-stm32.10.3-2021.10.linux64_1.0.200.202301161003/tools/bin/../lib/gcc/arm-none-eabi/10.3.1/thumb/v7e-m+fp/hard/libgcc.a
LOAD /opt/st/stm32cubeide_1.12.0/plugins/com.st.stm32cube.ide.mcu.externaltools.gnu-tools-for-stm32.10.3-2021.10.linux64_1.0.200.202301161003/tools/bin/../lib/gcc/arm-none-eabi/10.3.1/../../../../arm-none-eabi/lib/thumb/v7e-m+fp/hard/libc_nano.a
END GROUP
START GROUP
LOAD /opt/st/stm32cubeide_1.12.0/plugins/com.st.stm32cube.ide.mcu.externaltools.gnu-tools-for-stm32.10.3-2021.10.linux64_1.0.200.202301161003/tools/bin/../lib/gcc/arm-none-eabi/10.3.1/thumb/v7e-m+fp/hard/libgcc.a
LOAD /opt/st/stm32cubeide_1.12.0/plugins/com.st.stm32cube.ide.mcu.externaltools.gnu-tools-for-stm32.10.3-2021.10.linux64_1.0.200.202301161003/tools/bin/../lib/gcc/arm-none-eabi/10.3.1/../../../../arm-none-eabi/lib/thumb/v7e-m+fp/hard/libc_nano.a
LOAD /opt/st/stm32cubeide_1.12.0/plugins/com.st.stm32cube.ide.mcu.externaltools.gnu-tools-for-stm32.10.3-2021.10.linux64_1.0.200.202301161003/tools/bin/../lib/gcc/arm-none-eabi/10.3.1/../../../../arm-none-eabi/lib/thumb/v7e-m+fp/hard/libnosys.a
END GROUP
START GROUP
LOAD /opt/st/stm32cubeide_1.12.0/plugins/com.st.stm32cube.ide.mcu.externaltools.gnu-tools-for-stm32.10.3-2021.10.linux64_1.0.200.202301161003/tools/bin/../lib/gcc/arm-none-eabi/10.3.1/thumb/v7e-m+fp/hard/libgcc.a
LOAD /opt/st/stm32cubeide_1.12.0/plugins/com.st.stm32cube.ide.mcu.externaltools.gnu-tools-for-stm32.10.3-2021.10.linux64_1.0.200.202301161003/tools/bin/../lib/gcc/arm-none-eabi/10.3.1/../../../../arm-none-eabi/lib/thumb/v7e-m+fp/hard/libc_nano.a
LOAD /opt/st/stm32cubeide_1.12.0/plugins/com.st.stm32cube.ide.mcu.externaltools.gnu-tools-for-stm32.10.3-2021.10.linux64_1.0.200.202301161003/tools/bin/../lib/gcc/arm-none-eabi/10.3.1/../../../../arm-none-eabi/lib/thumb/v7e-m+fp/hard/libnosys.a
END GROUP
LOAD /opt/st/stm32cubeide_1.12.0/plugins/com.st.stm32cube.ide.mcu.externaltools.gnu-tools-for-stm32.10.3-2021.10.linux64_1.0.200.202301161003/tools/bin/../lib/gcc/arm-none-eabi/10.3.1/thumb/v7e-m+fp/hard/crtend.o
LOAD /opt/st/stm32cubeide_1.12.0/plugins/com.st.stm32cube.ide.mcu.externaltools.gnu-tools-for-stm32.10.3-2021.10.linux64_1.0.200.202301161003/tools/bin/../lib/gcc/arm-none-eabi/10.3.1/thumb/v7e-m+fp/hard/crtn.o
                0x0000000020020000                _estack = (ORIGIN (RAM) + LENGTH (RAM))
                0x0000000000000200                _Min_Heap_Size = 0x200
                0x0000000000000400                _Min_Stack_Size = 0x400

.isr_vector     0x0000000008000000      0x188
                0x0000000008000000                . = ALIGN (0x4)
 *(.isr_vector)
 .isr_vector    0x0000000008000000      0x188 ./Core/Startup/startup_stm32f407vgtx.o
                0x0000000008000000                g_pfnVectors
                0x0000000008000188                . = ALIGN (0x4)

.text           0x0000000008000190     0xb7e0
                0x0000000008000190                . = ALIGN (0x4)
 *(.text)
 .text          0x0000000008000190       0x40 /opt/st/stm32cubeide_1.12.0/plugins/com.st.stm32cube.ide.mcu.externaltools.gnu-tools-for-stm32.10.3-2021.10.linux64_1.0.200.202301161003/tools/bin/../lib/gcc/arm-none-eabi/10.3.1/thumb/v7e-m+fp/hard/crtbegin.o
 .text          0x00000000080001d0       0x10 /opt/st/stm32cubeide_1.12.0/plugins/com.st.stm32cube.ide.mcu.externaltools.gnu-tools-for-stm32.10.3-2021.10.linux64_1.0.200.202301161003/tools/bin/../lib/gcc/arm-none-eabi/10.3.1/../../../../arm-none-eabi/lib/thumb/v7e-m+fp/hard/libc_nano.a(lib_a-strlen.o)
                0x00000000080001d0                strlen
 .text          0x00000000080001e0       0xa0 /opt/st/stm32cubeide_1.12.0/plugins/com.st.stm32cube.ide.mcu.externaltools.gnu-tools-for-stm32.10.3-2021.10.linux64_1.0.200.202301161003/tools/bin/../lib/gcc/arm-none-eabi/10.3.1/../../../../arm-none-eabi/lib/thumb/v7e-m+fp/hard/libc_nano.a(lib_a-memchr.o)
                0x00000000080001e0                memchr
 .text          0x0000000008000280       0x30 /opt/st/stm32cubeide_1.12.0/plugins/com.st.stm32cube.ide.mcu.externaltools.gnu-tools-for-stm32.10.3-2021.10.linux64_1.0.200.202301161003/tools/bin/../lib/gcc/arm-none-eabi/10.3.1/thumb/v7e-m+fp/hard/libgcc.a(_aeabi_uldivmod.o)
                0x0000000008000280                __aeabi_uldivmod
 .text          0x00000000080002b0      0x2d0 /opt/st/stm32cubeide_1.12.0/plugins/com.st.stm32cube.ide.mcu.externaltools.gnu-tools-for-stm32.10.3-2021.10.linux64_1.0.200.202301161003/tools/bin/../lib/gcc/arm-none-eabi/10.3.1/thumb/v7e-m+fp/hard/libgcc.a(_udivmoddi4.o)
                0x00000000080002b0                __udivmoddi4
 .text          0x0000000008000580        0x4 /opt/st/stm32cubeide_1.12.0/plugins/com.st.stm32cube.ide.mcu.externaltools.gnu-tools-for-stm32.10.3-2021.10.linux64_1.0.200.202301161003/tools/bin/../lib/gcc/arm-none-eabi/10.3.1/thumb/v7e-m+fp/hard/libgcc.a(_dvmd_tls.o)
                0x0000000008000580                __aeabi_ldiv0
                0x0000000008000580                __aeabi_idiv0
 *(.text*)
 .text._ZN3ros16normalizeSecNSecERmS0_
                0x0000000008000584       0x58 ./Core/Inc/time.o
                0x0000000008000584                ros::normalizeSecNSec(unsigned long&, unsigned long&)
 .text.ADC_DMAxInit
                0x00000000080005dc      0x1c0 ./Core/Src/ADC/adc.o
                0x00000000080005dc                ADC_DMAxInit
 .text.ADC_Channel_Config
                0x000000000800079c       0x76 ./Core/Src/ADC/adc.o
                0x000000000800079c                ADC_Channel_Config
 *fill*         0x0000000008000812        0x2 
 .text.DMA2_Stream0_IRQHandler
                0x0000000008000814       0x28 ./Core/Src/ADC/adc.o
                0x0000000008000814                DMA2_Stream0_IRQHandler
 .text.DMA2_Stream1_IRQHandler
                0x000000000800083c       0x28 ./Core/Src/ADC/adc.o
                0x000000000800083c                DMA2_Stream1_IRQHandler
 .text.BDCInit  0x0000000008000864      0x112 ./Core/Src/BIOS/bdc.o
                0x0000000008000864                BDCInit
 *fill*         0x0000000008000976        0x2 
 .text.GPIOPinsInit
                0x0000000008000978      0x1f4 ./Core/Src/BIOS/gpio.o
                0x0000000008000978                GPIOPinsInit
 .text.MUXInit  0x0000000008000b6c       0x98 ./Core/Src/BIOS/multiplexer.o
                0x0000000008000b6c                MUXInit
 .text.MUXSelect
                0x0000000008000c04       0xc4 ./Core/Src/BIOS/multiplexer.o
                0x0000000008000c04                MUXSelect
 .text.MUXUpdate
                0x0000000008000cc8      0x178 ./Core/Src/BIOS/multiplexer.o
                0x0000000008000cc8                MUXUpdate
 .text.PWMTimeBaseInit
                0x0000000008000e40      0x1cc ./Core/Src/BIOS/pwm.o
                0x0000000008000e40                PWMTimeBaseInit
 .text.PWMChannelConfig
                0x000000000800100c      0x318 ./Core/Src/BIOS/pwm.o
                0x000000000800100c                PWMChannelConfig
 .text.QEIDelay
                0x0000000008001324       0x36 ./Core/Src/BIOS/qei.o
                0x0000000008001324                QEIDelay
 .text.SHIFTREGInit
                0x000000000800135a       0x82 ./Core/Src/BIOS/shiftreg.o
                0x000000000800135a                SHIFTREGInit
 .text.SHIFTREGShift
                0x00000000080013dc       0xce ./Core/Src/BIOS/shiftreg.o
                0x00000000080013dc                SHIFTREGShift
 *fill*         0x00000000080014aa        0x2 
 .text.HAL_MspInit
                0x00000000080014ac       0x50 ./Core/Src/BIOS/system.o
                0x00000000080014ac                HAL_MspInit
 .text.HAL_ADC_MspInit
                0x00000000080014fc       0x9c ./Core/Src/BIOS/system.o
                0x00000000080014fc                HAL_ADC_MspInit
 .text.HAL_TIM_PWM_MspInit
                0x0000000008001598      0x27c ./Core/Src/BIOS/system.o
                0x0000000008001598                HAL_TIM_PWM_MspInit
 .text.HAL_TIM_Base_MspInit
                0x0000000008001814      0x27c ./Core/Src/BIOS/system.o
                0x0000000008001814                HAL_TIM_Base_MspInit
 .text.HAL_UART_MspInit
                0x0000000008001a90      0x2ec ./Core/Src/BIOS/system.o
                0x0000000008001a90                HAL_UART_MspInit
 .text.SystemClock_Config
                0x0000000008001d7c       0xd8 ./Core/Src/BIOS/system.o
                0x0000000008001d7c                SystemClock_Config
 .text.TIMxInit
                0x0000000008001e54      0x220 ./Core/Src/BIOS/timer.o
                0x0000000008001e54                TIMxInit
 .text.UARTInit
                0x0000000008002074      0x120 ./Core/Src/BIOS/uart.o
                0x0000000008002074                UARTInit
 .text.I2C1_EV_IRQHandler
                0x0000000008002194       0x14 ./Core/Src/I2C/i2c.o
                0x0000000008002194                I2C1_EV_IRQHandler
 .text.I2C1_ER_IRQHandler
                0x00000000080021a8       0x14 ./Core/Src/I2C/i2c.o
                0x00000000080021a8                I2C1_ER_IRQHandler
 .text.I2C2_EV_IRQHandler
                0x00000000080021bc       0x14 ./Core/Src/I2C/i2c.o
                0x00000000080021bc                I2C2_EV_IRQHandler
 .text.I2C2_ER_IRQHandler
                0x00000000080021d0       0x14 ./Core/Src/I2C/i2c.o
                0x00000000080021d0                I2C2_ER_IRQHandler
 .text.I2C3_EV_IRQHandler
                0x00000000080021e4       0x14 ./Core/Src/I2C/i2c.o
                0x00000000080021e4                I2C3_EV_IRQHandler
 .text.I2C3_ER_IRQHandler
                0x00000000080021f8       0x14 ./Core/Src/I2C/i2c.o
                0x00000000080021f8                I2C3_ER_IRQHandler
 .text._ZN3ros3MsgC2Ev
                0x000000000800220c       0x20 ./Core/Src/MAIN/main.o
                0x000000000800220c                ros::Msg::Msg()
                0x000000000800220c                ros::Msg::Msg()
 .text._ZN14rosserial_msgs3LogC2Ev
                0x000000000800222c       0x34 ./Core/Src/MAIN/main.o
                0x000000000800222c                rosserial_msgs::Log::Log()
                0x000000000800222c                rosserial_msgs::Log::Log()
 .text._ZNK14rosserial_msgs3Log9serializeEPh
                0x0000000008002260       0x64 ./Core/Src/MAIN/main.o
                0x0000000008002260                rosserial_msgs::Log::serialize(unsigned char*) const
 .text._ZN14rosserial_msgs3Log11deserializeEPh
                0x00000000080022c4       0x90 ./Core/Src/MAIN/main.o
                0x00000000080022c4                rosserial_msgs::Log::deserialize(unsigned char*)
 .text._ZN14rosserial_msgs3Log7getTypeEv
                0x0000000008002354       0x1c ./Core/Src/MAIN/main.o
                0x0000000008002354                rosserial_msgs::Log::getType()
 .text._ZN14rosserial_msgs3Log6getMD5Ev
                0x0000000008002370       0x1c ./Core/Src/MAIN/main.o
                0x0000000008002370                rosserial_msgs::Log::getMD5()
 .text._ZN14rosserial_msgs20RequestParamResponseC2Ev
                0x000000000800238c       0x48 ./Core/Src/MAIN/main.o
                0x000000000800238c                rosserial_msgs::RequestParamResponse::RequestParamResponse()
                0x000000000800238c                rosserial_msgs::RequestParamResponse::RequestParamResponse()
 .text._ZNK14rosserial_msgs20RequestParamResponse9serializeEPh
                0x00000000080023d4      0x222 ./Core/Src/MAIN/main.o
                0x00000000080023d4                rosserial_msgs::RequestParamResponse::serialize(unsigned char*) const
 .text._ZN14rosserial_msgs20RequestParamResponse11deserializeEPh
                0x00000000080025f6      0x2e2 ./Core/Src/MAIN/main.o
                0x00000000080025f6                rosserial_msgs::RequestParamResponse::deserialize(unsigned char*)
 .text._ZN14rosserial_msgs20RequestParamResponse7getTypeEv
                0x00000000080028d8       0x1c ./Core/Src/MAIN/main.o
                0x00000000080028d8                rosserial_msgs::RequestParamResponse::getType()
 .text._ZN14rosserial_msgs20RequestParamResponse6getMD5Ev
                0x00000000080028f4       0x1c ./Core/Src/MAIN/main.o
                0x00000000080028f4                rosserial_msgs::RequestParamResponse::getMD5()
 .text._ZN14rosserial_msgs9TopicInfoC2Ev
                0x0000000008002910       0x48 ./Core/Src/MAIN/main.o
                0x0000000008002910                rosserial_msgs::TopicInfo::TopicInfo()
                0x0000000008002910                rosserial_msgs::TopicInfo::TopicInfo()
 .text._ZNK14rosserial_msgs9TopicInfo9serializeEPh
                0x0000000008002958      0x136 ./Core/Src/MAIN/main.o
                0x0000000008002958                rosserial_msgs::TopicInfo::serialize(unsigned char*) const
 .text._ZN14rosserial_msgs9TopicInfo11deserializeEPh
                0x0000000008002a8e      0x1d0 ./Core/Src/MAIN/main.o
                0x0000000008002a8e                rosserial_msgs::TopicInfo::deserialize(unsigned char*)
 *fill*         0x0000000008002c5e        0x2 
 .text._ZN14rosserial_msgs9TopicInfo7getTypeEv
                0x0000000008002c60       0x1c ./Core/Src/MAIN/main.o
                0x0000000008002c60                rosserial_msgs::TopicInfo::getType()
 .text._ZN14rosserial_msgs9TopicInfo6getMD5Ev
                0x0000000008002c7c       0x1c ./Core/Src/MAIN/main.o
                0x0000000008002c7c                rosserial_msgs::TopicInfo::getMD5()
 .text._ZN3ros4TimeC2Ev
                0x0000000008002c98       0x22 ./Core/Src/MAIN/main.o
                0x0000000008002c98                ros::Time::Time()
                0x0000000008002c98                ros::Time::Time()
 *fill*         0x0000000008002cba        0x2 
 .text._ZN8std_msgs4TimeC2Ev
                0x0000000008002cbc       0x30 ./Core/Src/MAIN/main.o
                0x0000000008002cbc                std_msgs::Time::Time()
                0x0000000008002cbc                std_msgs::Time::Time()
 .text._ZNK8std_msgs4Time9serializeEPh
                0x0000000008002cec       0xb0 ./Core/Src/MAIN/main.o
                0x0000000008002cec                std_msgs::Time::serialize(unsigned char*) const
 .text._ZN8std_msgs4Time11deserializeEPh
                0x0000000008002d9c       0xc8 ./Core/Src/MAIN/main.o
                0x0000000008002d9c                std_msgs::Time::deserialize(unsigned char*)
 .text._ZN8std_msgs4Time7getTypeEv
                0x0000000008002e64       0x1c ./Core/Src/MAIN/main.o
                0x0000000008002e64                std_msgs::Time::getType()
 .text._ZN8std_msgs4Time6getMD5Ev
                0x0000000008002e80       0x1c ./Core/Src/MAIN/main.o
                0x0000000008002e80                std_msgs::Time::getMD5()
 .text._ZN3ros9PublisherC2EPKcPNS_3MsgEi
                0x0000000008002e9c       0x2e ./Core/Src/MAIN/main.o
                0x0000000008002e9c                ros::Publisher::Publisher(char const*, ros::Msg*, int)
                0x0000000008002e9c                ros::Publisher::Publisher(char const*, ros::Msg*, int)
 .text._ZN3ros9Publisher7publishEPKNS_3MsgE
                0x0000000008002eca       0x28 ./Core/Src/MAIN/main.o
                0x0000000008002eca                ros::Publisher::publish(ros::Msg const*)
 .text._ZN3ros9Publisher15getEndpointTypeEv
                0x0000000008002ef2       0x18 ./Core/Src/MAIN/main.o
                0x0000000008002ef2                ros::Publisher::getEndpointType()
 .text._ZN14HardwareSerialC2E14Serial_TypeDef
                0x0000000008002f0a       0x20 ./Core/Src/MAIN/main.o
                0x0000000008002f0a                HardwareSerial::HardwareSerial(Serial_TypeDef)
                0x0000000008002f0a                HardwareSerial::HardwareSerial(Serial_TypeDef)
 *fill*         0x0000000008002f2a        0x2 
 .text._ZN13STM32HardwareC2Ev
                0x0000000008002f2c       0x28 ./Core/Src/MAIN/main.o
                0x0000000008002f2c                STM32Hardware::STM32Hardware()
                0x0000000008002f2c                STM32Hardware::STM32Hardware()
 .text._ZN13STM32Hardware7setBaudEl
                0x0000000008002f54       0x1c ./Core/Src/MAIN/main.o
                0x0000000008002f54                STM32Hardware::setBaud(long)
 .text._ZN13STM32Hardware4initEv
                0x0000000008002f70       0x20 ./Core/Src/MAIN/main.o
                0x0000000008002f70                STM32Hardware::init()
 .text._ZN13STM32Hardware4readEv
                0x0000000008002f90       0x3c ./Core/Src/MAIN/main.o
                0x0000000008002f90                STM32Hardware::read()
 .text._ZN13STM32Hardware5writeEPhi
                0x0000000008002fcc       0x3a ./Core/Src/MAIN/main.o
                0x0000000008002fcc                STM32Hardware::write(unsigned char*, int)
 .text._ZN13STM32Hardware4timeEv
                0x0000000008003006       0x16 ./Core/Src/MAIN/main.o
                0x0000000008003006                STM32Hardware::time()
 .text._ZN8std_msgs6StringC2Ev
                0x000000000800301c       0x30 ./Core/Src/MAIN/main.o
                0x000000000800301c                std_msgs::String::String()
                0x000000000800301c                std_msgs::String::String()
 .text._ZNK8std_msgs6String9serializeEPh
                0x000000000800304c       0x52 ./Core/Src/MAIN/main.o
                0x000000000800304c                std_msgs::String::serialize(unsigned char*) const
 .text._ZN8std_msgs6String11deserializeEPh
                0x000000000800309e       0x7e ./Core/Src/MAIN/main.o
                0x000000000800309e                std_msgs::String::deserialize(unsigned char*)
 .text._ZN8std_msgs6String7getTypeEv
                0x000000000800311c       0x1c ./Core/Src/MAIN/main.o
                0x000000000800311c                std_msgs::String::getType()
 .text._ZN8std_msgs6String6getMD5Ev
                0x0000000008003138       0x1c ./Core/Src/MAIN/main.o
                0x0000000008003138                std_msgs::String::getMD5()
 .text._ZN8adam_msg3LEdC2Ev
                0x0000000008003154       0x30 ./Core/Src/MAIN/main.o
                0x0000000008003154                adam_msg::LEd::LEd()
                0x0000000008003154                adam_msg::LEd::LEd()
 .text._ZNK8adam_msg3LEd9serializeEPh
                0x0000000008003184       0x4c ./Core/Src/MAIN/main.o
                0x0000000008003184                adam_msg::LEd::serialize(unsigned char*) const
 .text._ZN8adam_msg3LEd11deserializeEPh
                0x00000000080031d0       0x60 ./Core/Src/MAIN/main.o
                0x00000000080031d0                adam_msg::LEd::deserialize(unsigned char*)
 .text._ZN8adam_msg3LEd7getTypeEv
                0x0000000008003230       0x1c ./Core/Src/MAIN/main.o
                0x0000000008003230                adam_msg::LEd::getType()
 .text._ZN8adam_msg3LEd6getMD5Ev
                0x000000000800324c       0x1c ./Core/Src/MAIN/main.o
                0x000000000800324c                adam_msg::LEd::getMD5()
 .text.main     0x0000000008003268       0x3c ./Core/Src/MAIN/main.o
                0x0000000008003268                main
 .text.TIM6_DAC_IRQHandler
                0x00000000080032a4       0x34 ./Core/Src/MAIN/main.o
                0x00000000080032a4                TIM6_DAC_IRQHandler
 .text._Z8ROS_Initv
                0x00000000080032d8       0x4c ./Core/Src/MAIN/main.o
                0x00000000080032d8                ROS_Init()
 .text._Z10ROS_Updatev
                0x0000000008003324       0x1c ./Core/Src/MAIN/main.o
                0x0000000008003324                ROS_Update()
 .text._Z11LEDCallbackRKN8adam_msg3LEdE
                0x0000000008003340       0xb8 ./Core/Src/MAIN/main.o
                0x0000000008003340                LEDCallback(adam_msg::LEd const&)
 .text._Z10updateTimev
                0x00000000080033f8       0x3c ./Core/Src/MAIN/main.o
                0x00000000080033f8                updateTime()
 .text.Error_Handler
                0x0000000008003434        0xe ./Core/Src/MAIN/main.o
                0x0000000008003434                Error_Handler
 .text._ZN3ros3Msg8varToArrIPhmEEvT_T0_
                0x0000000008003442       0x3c ./Core/Src/MAIN/main.o
                0x0000000008003442                void ros::Msg::varToArr<unsigned char*, unsigned long>(unsigned char*, unsigned long)
 .text._ZN3ros3Msg8arrToVarImPhEEvRT_T0_
                0x000000000800347e       0x4a ./Core/Src/MAIN/main.o
                0x000000000800347e                void ros::Msg::arrToVar<unsigned long, unsigned char*>(unsigned long&, unsigned char*)
 .text._ZN3ros15NodeHandleBase_C2Ev
                0x00000000080034c8       0x20 ./Core/Src/MAIN/main.o
                0x00000000080034c8                ros::NodeHandleBase_::NodeHandleBase_()
                0x00000000080034c8                ros::NodeHandleBase_::NodeHandleBase_()
 .text._ZN3ros11NodeHandle_I13STM32HardwareLi25ELi25ELi1024ELi1024EEC2Ev
                0x00000000080034e8       0xfc ./Core/Src/MAIN/main.o
                0x00000000080034e8                ros::NodeHandle_<STM32Hardware, 25, 25, 1024, 1024>::NodeHandle_()
                0x00000000080034e8                ros::NodeHandle_<STM32Hardware, 25, 25, 1024, 1024>::NodeHandle_()
 .text._ZN3ros11Subscriber_C2Ev
                0x00000000080035e4       0x20 ./Core/Src/MAIN/main.o
                0x00000000080035e4                ros::Subscriber_::Subscriber_()
                0x00000000080035e4                ros::Subscriber_::Subscriber_()
 .text._ZN3ros10SubscriberIN8adam_msg3LEdEvEC2EPKcPFvRKS2_Ei
                0x0000000008003604       0x48 ./Core/Src/MAIN/main.o
                0x0000000008003604                ros::Subscriber<adam_msg::LEd, void>::Subscriber(char const*, void (*)(adam_msg::LEd const&), int)
                0x0000000008003604                ros::Subscriber<adam_msg::LEd, void>::Subscriber(char const*, void (*)(adam_msg::LEd const&), int)
 .text._ZN3ros11NodeHandle_I13STM32HardwareLi25ELi25ELi1024ELi1024EE8spinOnceEv
                0x000000000800364c      0x3a6 ./Core/Src/MAIN/main.o
                0x000000000800364c                ros::NodeHandle_<STM32Hardware, 25, 25, 1024, 1024>::spinOnce()
 .text._ZN3ros11NodeHandle_I13STM32HardwareLi25ELi25ELi1024ELi1024EE8initNodeEv
                0x00000000080039f2       0x3a ./Core/Src/MAIN/main.o
                0x00000000080039f2                ros::NodeHandle_<STM32Hardware, 25, 25, 1024, 1024>::initNode()
 .text._ZN3ros11NodeHandle_I13STM32HardwareLi25ELi25ELi1024ELi1024EE11getHardwareEv
                0x0000000008003a2c       0x18 ./Core/Src/MAIN/main.o
                0x0000000008003a2c                ros::NodeHandle_<STM32Hardware, 25, 25, 1024, 1024>::getHardware()
 .text._ZN3ros11NodeHandle_I13STM32HardwareLi25ELi25ELi1024ELi1024EE9subscribeINS_10SubscriberIN8adam_msg3LEdEvEEEEbRT_
                0x0000000008003a44       0x56 ./Core/Src/MAIN/main.o
                0x0000000008003a44                bool ros::NodeHandle_<STM32Hardware, 25, 25, 1024, 1024>::subscribe<ros::Subscriber<adam_msg::LEd, void> >(ros::Subscriber<adam_msg::LEd, void>&)
 .text._ZN3ros11NodeHandle_I13STM32HardwareLi25ELi25ELi1024ELi1024EE9advertiseERNS_9PublisherE
                0x0000000008003a9a       0x60 ./Core/Src/MAIN/main.o
                0x0000000008003a9a                ros::NodeHandle_<STM32Hardware, 25, 25, 1024, 1024>::advertise(ros::Publisher&)
 *fill*         0x0000000008003afa        0x2 
 .text._ZN3ros11NodeHandle_I13STM32HardwareLi25ELi25ELi1024ELi1024EE3nowEv
                0x0000000008003afc       0x74 ./Core/Src/MAIN/main.o
                0x0000000008003afc                ros::NodeHandle_<STM32Hardware, 25, 25, 1024, 1024>::now()
 .text._ZN3ros11NodeHandle_I13STM32HardwareLi25ELi25ELi1024ELi1024EE15requestSyncTimeEv
                0x0000000008003b70       0x3a ./Core/Src/MAIN/main.o
                0x0000000008003b70                ros::NodeHandle_<STM32Hardware, 25, 25, 1024, 1024>::requestSyncTime()
 .text._ZN3ros11NodeHandle_I13STM32HardwareLi25ELi25ELi1024ELi1024EE15negotiateTopicsEv
                0x0000000008003baa      0x1be ./Core/Src/MAIN/main.o
                0x0000000008003baa                ros::NodeHandle_<STM32Hardware, 25, 25, 1024, 1024>::negotiateTopics()
 .text._ZN3ros11NodeHandle_I13STM32HardwareLi25ELi25ELi1024ELi1024EE8syncTimeEPh
                0x0000000008003d68       0x94 ./Core/Src/MAIN/main.o
                0x0000000008003d68                ros::NodeHandle_<STM32Hardware, 25, 25, 1024, 1024>::syncTime(unsigned char*)
 .text._ZN3ros11NodeHandle_I13STM32HardwareLi25ELi25ELi1024ELi1024EE7publishEiPKNS_3MsgE
                0x0000000008003dfc      0x128 ./Core/Src/MAIN/main.o
                0x0000000008003dfc                ros::NodeHandle_<STM32Hardware, 25, 25, 1024, 1024>::publish(int, ros::Msg const*)
 .text._ZN3ros11NodeHandle_I13STM32HardwareLi25ELi25ELi1024ELi1024EE6setNowERNS_4TimeE
                0x0000000008003f24       0x7c ./Core/Src/MAIN/main.o
                0x0000000008003f24                ros::NodeHandle_<STM32Hardware, 25, 25, 1024, 1024>::setNow(ros::Time&)
 .text._ZN3ros11NodeHandle_I13STM32HardwareLi25ELi25ELi1024ELi1024EE8logerrorEPKc
                0x0000000008003fa0       0x1c ./Core/Src/MAIN/main.o
                0x0000000008003fa0                ros::NodeHandle_<STM32Hardware, 25, 25, 1024, 1024>::logerror(char const*)
 .text._ZN3ros11NodeHandle_I13STM32HardwareLi25ELi25ELi1024ELi1024EE3logEcPKc
                0x0000000008003fbc       0x38 ./Core/Src/MAIN/main.o
                0x0000000008003fbc                ros::NodeHandle_<STM32Hardware, 25, 25, 1024, 1024>::log(char, char const*)
 .text._Z41__static_initialization_and_destruction_0ii
                0x0000000008003ff4       0x78 ./Core/Src/MAIN/main.o
 .text._ZN3ros10SubscriberIN8adam_msg3LEdEvE8callbackEPh
                0x000000000800406c       0x2a ./Core/Src/MAIN/main.o
                0x000000000800406c                ros::Subscriber<adam_msg::LEd, void>::callback(unsigned char*)
 .text._ZN3ros10SubscriberIN8adam_msg3LEdEvE15getEndpointTypeEv
                0x0000000008004096       0x18 ./Core/Src/MAIN/main.o
                0x0000000008004096                ros::Subscriber<adam_msg::LEd, void>::getEndpointType()
 .text._ZN3ros10SubscriberIN8adam_msg3LEdEvE10getMsgTypeEv
                0x00000000080040ae       0x1c ./Core/Src/MAIN/main.o
                0x00000000080040ae                ros::Subscriber<adam_msg::LEd, void>::getMsgType()
 .text._ZN3ros10SubscriberIN8adam_msg3LEdEvE9getMsgMD5Ev
                0x00000000080040ca       0x1c ./Core/Src/MAIN/main.o
                0x00000000080040ca                ros::Subscriber<adam_msg::LEd, void>::getMsgMD5()
 .text._ZN3ros11NodeHandle_I13STM32HardwareLi25ELi25ELi1024ELi1024EE9connectedEv
                0x00000000080040e6       0x1a ./Core/Src/MAIN/main.o
                0x00000000080040e6                ros::NodeHandle_<STM32Hardware, 25, 25, 1024, 1024>::connected()
 .text._GLOBAL__sub_I_sys
                0x0000000008004100       0x10 ./Core/Src/MAIN/main.o
 .text.rb_init  0x0000000008004110       0x36 ./Core/Src/ROS/hardwareserial.o
 .text.rb_full_count
                0x0000000008004146       0x42 ./Core/Src/ROS/hardwareserial.o
 .text.rb_is_full
                0x0000000008004188       0x3c ./Core/Src/ROS/hardwareserial.o
 .text.rb_insert
                0x00000000080041c4       0x42 ./Core/Src/ROS/hardwareserial.o
 .text.rb_remove
                0x0000000008004206       0x40 ./Core/Src/ROS/hardwareserial.o
 .text.rb_push_insert
                0x0000000008004246       0x46 ./Core/Src/ROS/hardwareserial.o
 .text._ZN14HardwareSerial5beginEm
                0x000000000800428c       0x60 ./Core/Src/ROS/hardwareserial.o
                0x000000000800428c                HardwareSerial::begin(unsigned long)
 .text._ZN14HardwareSerial9availableEv
                0x00000000080042ec       0x54 ./Core/Src/ROS/hardwareserial.o
                0x00000000080042ec                HardwareSerial::available()
 .text._ZN14HardwareSerial4readEv
                0x0000000008004340       0x6c ./Core/Src/ROS/hardwareserial.o
                0x0000000008004340                HardwareSerial::read()
 .text._Z10UU_PutCharP20__UART_HandleTypeDefh
                0x00000000080043ac       0x3a ./Core/Src/ROS/hardwareserial.o
                0x00000000080043ac                UU_PutChar(__UART_HandleTypeDef*, unsigned char)
 .text._Z17USART_ReceiveDataP20__UART_HandleTypeDef
                0x00000000080043e6       0x22 ./Core/Src/ROS/hardwareserial.o
                0x00000000080043e6                USART_ReceiveData(__UART_HandleTypeDef*)
 .text._ZN14HardwareSerial5writeEh
                0x0000000008004408       0x30 ./Core/Src/ROS/hardwareserial.o
                0x0000000008004408                HardwareSerial::write(unsigned char)
 .text.USART2_IRQHandler
                0x0000000008004438       0x30 ./Core/Src/ROS/hardwareserial.o
                0x0000000008004438                USART2_IRQHandler
 .text.USART3_IRQHandler
                0x0000000008004468       0x30 ./Core/Src/ROS/hardwareserial.o
                0x0000000008004468                USART3_IRQHandler
 .text.UART4_IRQHandler
                0x0000000008004498       0x30 ./Core/Src/ROS/hardwareserial.o
                0x0000000008004498                UART4_IRQHandler
 .text.millis   0x00000000080044c8       0x18 ./Core/Src/ROS/millisecondtimer.o
                0x00000000080044c8                millis
 .text.SPI1_IRQHandler
                0x00000000080044e0       0x14 ./Core/Src/SPI/SPI.o
                0x00000000080044e0                SPI1_IRQHandler
 .text.SPI2_IRQHandler
                0x00000000080044f4       0x14 ./Core/Src/SPI/SPI.o
                0x00000000080044f4                SPI2_IRQHandler
 .text.SPI3_IRQHandler
                0x0000000008004508       0x14 ./Core/Src/SPI/SPI.o
                0x0000000008004508                SPI3_IRQHandler
 .text.Initialize
                0x000000000800451c      0x410 ./Core/Src/adapter.o
                0x000000000800451c                Initialize
 .text.CAN1_RX0_IRQHandler
                0x000000000800492c       0x14 ./Core/Src/adapter.o
                0x000000000800492c                CAN1_RX0_IRQHandler
 .text.CAN2_RX1_IRQHandler
                0x0000000008004940       0x14 ./Core/Src/adapter.o
                0x0000000008004940                CAN2_RX1_IRQHandler
 .text.CAN_PROCESS
                0x0000000008004954       0x7c ./Core/Src/adapter.o
                0x0000000008004954                CAN_PROCESS
 .text.HAL_CAN_RxFifo0MsgPendingCallback
                0x00000000080049d0      0x15c ./Core/Src/adapter.o
                0x00000000080049d0                HAL_CAN_RxFifo0MsgPendingCallback
 .text.HAL_CAN_RxFifo1MsgPendingCallback
                0x0000000008004b2c      0x15c ./Core/Src/adapter.o
                0x0000000008004b2c                HAL_CAN_RxFifo1MsgPendingCallback
 .text.set      0x0000000008004c88       0x28 ./Core/Src/common.o
                0x0000000008004c88                set
 .text.NMI_Handler
                0x0000000008004cb0        0xe ./Core/Src/interrupt.o
                0x0000000008004cb0                NMI_Handler
 .text.HardFault_Handler
                0x0000000008004cbe        0xe ./Core/Src/interrupt.o
                0x0000000008004cbe                HardFault_Handler
 .text.MemManage_Handler
                0x0000000008004ccc        0xe ./Core/Src/interrupt.o
                0x0000000008004ccc                MemManage_Handler
 .text.BusFault_Handler
                0x0000000008004cda        0xe ./Core/Src/interrupt.o
                0x0000000008004cda                BusFault_Handler
 .text.UsageFault_Handler
                0x0000000008004ce8        0xe ./Core/Src/interrupt.o
                0x0000000008004ce8                UsageFault_Handler
 .text.SVC_Handler
                0x0000000008004cf6        0xe ./Core/Src/interrupt.o
                0x0000000008004cf6                SVC_Handler
 .text.DebugMon_Handler
                0x0000000008004d04        0xe ./Core/Src/interrupt.o
                0x0000000008004d04                DebugMon_Handler
 .text.PendSV_Handler
                0x0000000008004d12        0xe ./Core/Src/interrupt.o
                0x0000000008004d12                PendSV_Handler
 .text.SysTick_Handler
                0x0000000008004d20       0x30 ./Core/Src/interrupt.o
                0x0000000008004d20                SysTick_Handler
 .text.TIM1_UP_TIM10_IRQHandler
                0x0000000008004d50       0x64 ./Core/Src/interrupt.o
                0x0000000008004d50                TIM1_UP_TIM10_IRQHandler
 .text.TIM2_IRQHandler
                0x0000000008004db4       0x58 ./Core/Src/interrupt.o
                0x0000000008004db4                TIM2_IRQHandler
 .text.TIM3_IRQHandler
                0x0000000008004e0c       0x58 ./Core/Src/interrupt.o
                0x0000000008004e0c                TIM3_IRQHandler
 .text.TIM4_IRQHandler
                0x0000000008004e64       0x58 ./Core/Src/interrupt.o
                0x0000000008004e64                TIM4_IRQHandler
 .text.TIM5_IRQHandler
                0x0000000008004ebc       0x58 ./Core/Src/interrupt.o
                0x0000000008004ebc                TIM5_IRQHandler
 .text.TIM8_UP_TIM13_IRQHandler
                0x0000000008004f14       0x60 ./Core/Src/interrupt.o
                0x0000000008004f14                TIM8_UP_TIM13_IRQHandler
 .text.HAL_I2C_MasterRxCpltCallback
                0x0000000008004f74       0x14 ./Core/Src/interrupt.o
                0x0000000008004f74                HAL_I2C_MasterRxCpltCallback
 .text.HAL_ADC_ConvCpltCallback
                0x0000000008004f88       0x14 ./Core/Src/interrupt.o
                0x0000000008004f88                HAL_ADC_ConvCpltCallback
 .text.DMA2_Stream2_IRQHandler
                0x0000000008004f9c        0xe ./Core/Src/interrupt.o
                0x0000000008004f9c                DMA2_Stream2_IRQHandler
 .text._getpid  0x0000000008004faa       0x10 ./Core/Src/syscalls.o
                0x0000000008004faa                _getpid
 .text._kill    0x0000000008004fba       0x20 ./Core/Src/syscalls.o
                0x0000000008004fba                _kill
 .text._exit    0x0000000008004fda       0x14 ./Core/Src/syscalls.o
                0x0000000008004fda                _exit
 *fill*         0x0000000008004fee        0x2 
 .text._sbrk    0x0000000008004ff0       0x6c ./Core/Src/sysmem.o
                0x0000000008004ff0                _sbrk
 .text.SystemInit
                0x000000000800505c       0x2c ./Core/Src/system_stm32f4xx.o
                0x000000000800505c                SystemInit
 .text.Reset_Handler
                0x0000000008005088       0x50 ./Core/Startup/startup_stm32f407vgtx.o
                0x0000000008005088                Reset_Handler
 .text.Default_Handler
                0x00000000080050d8        0x2 ./Core/Startup/startup_stm32f407vgtx.o
                0x00000000080050d8                RTC_Alarm_IRQHandler
                0x00000000080050d8                HASH_RNG_IRQHandler
                0x00000000080050d8                EXTI2_IRQHandler
                0x00000000080050d8                TIM8_CC_IRQHandler
                0x00000000080050d8                TIM1_CC_IRQHandler
                0x00000000080050d8                DMA2_Stream5_IRQHandler
                0x00000000080050d8                DMA1_Stream5_IRQHandler
                0x00000000080050d8                PVD_IRQHandler
                0x00000000080050d8                SDIO_IRQHandler
                0x00000000080050d8                TAMP_STAMP_IRQHandler
                0x00000000080050d8                EXTI3_IRQHandler
                0x00000000080050d8                TIM8_TRG_COM_TIM14_IRQHandler
                0x00000000080050d8                EXTI0_IRQHandler
                0x00000000080050d8                DMA1_Stream2_IRQHandler
                0x00000000080050d8                FPU_IRQHandler
                0x00000000080050d8                OTG_HS_WKUP_IRQHandler
                0x00000000080050d8                CAN2_SCE_IRQHandler
                0x00000000080050d8                TIM1_BRK_TIM9_IRQHandler
                0x00000000080050d8                DCMI_IRQHandler
                0x00000000080050d8                CAN2_RX0_IRQHandler
                0x00000000080050d8                DMA2_Stream3_IRQHandler
                0x00000000080050d8                USART6_IRQHandler
                0x00000000080050d8                CAN1_RX1_IRQHandler
                0x00000000080050d8                UART5_IRQHandler
                0x00000000080050d8                DMA1_Stream6_IRQHandler
                0x00000000080050d8                DMA1_Stream1_IRQHandler
                0x00000000080050d8                RCC_IRQHandler
                0x00000000080050d8                TIM8_BRK_TIM12_IRQHandler
                0x00000000080050d8                Default_Handler
                0x00000000080050d8                EXTI15_10_IRQHandler
                0x00000000080050d8                ADC_IRQHandler
                0x00000000080050d8                DMA1_Stream7_IRQHandler
                0x00000000080050d8                TIM7_IRQHandler
                0x00000000080050d8                CAN2_TX_IRQHandler
                0x00000000080050d8                DMA2_Stream7_IRQHandler
                0x00000000080050d8                EXTI9_5_IRQHandler
                0x00000000080050d8                RTC_WKUP_IRQHandler
                0x00000000080050d8                ETH_WKUP_IRQHandler
                0x00000000080050d8                OTG_HS_EP1_IN_IRQHandler
                0x00000000080050d8                DMA1_Stream0_IRQHandler
                0x00000000080050d8                CAN1_TX_IRQHandler
                0x00000000080050d8                EXTI4_IRQHandler
                0x00000000080050d8                FSMC_IRQHandler
                0x00000000080050d8                ETH_IRQHandler
                0x00000000080050d8                OTG_HS_EP1_OUT_IRQHandler
                0x00000000080050d8                WWDG_IRQHandler
                0x00000000080050d8                OTG_FS_WKUP_IRQHandler
                0x00000000080050d8                TIM1_TRG_COM_TIM11_IRQHandler
                0x00000000080050d8                OTG_HS_IRQHandler
                0x00000000080050d8                EXTI1_IRQHandler
                0x00000000080050d8                CAN1_SCE_IRQHandler
                0x00000000080050d8                FLASH_IRQHandler
                0x00000000080050d8                DMA2_Stream4_IRQHandler
                0x00000000080050d8                USART1_IRQHandler
                0x00000000080050d8                OTG_FS_IRQHandler
                0x00000000080050d8                DMA1_Stream4_IRQHandler
                0x00000000080050d8                DMA2_Stream6_IRQHandler
                0x00000000080050d8                DMA1_Stream3_IRQHandler
 *fill*         0x00000000080050da        0x2 
 .text.HAL_Init
                0x00000000080050dc       0x44 ./Drivers/STM32F4xx_HAL_Driver/Src/stm32f4xx_hal.o
                0x00000000080050dc                HAL_Init
 .text.HAL_InitTick
                0x0000000008005120       0x60 ./Drivers/STM32F4xx_HAL_Driver/Src/stm32f4xx_hal.o
                0x0000000008005120                HAL_InitTick
 .text.HAL_IncTick
                0x0000000008005180       0x28 ./Drivers/STM32F4xx_HAL_Driver/Src/stm32f4xx_hal.o
                0x0000000008005180                HAL_IncTick
 .text.HAL_GetTick
                0x00000000080051a8       0x18 ./Drivers/STM32F4xx_HAL_Driver/Src/stm32f4xx_hal.o
                0x00000000080051a8                HAL_GetTick
 .text.HAL_ADC_Init
                0x00000000080051c0       0x86 ./Drivers/STM32F4xx_HAL_Driver/Src/stm32f4xx_hal_adc.o
                0x00000000080051c0                HAL_ADC_Init
 *fill*         0x0000000008005246        0x2 
 .text.HAL_ADC_Start_DMA
                0x0000000008005248      0x1e4 ./Drivers/STM32F4xx_HAL_Driver/Src/stm32f4xx_hal_adc.o
                0x0000000008005248                HAL_ADC_Start_DMA
 .text.HAL_ADC_ConvHalfCpltCallback
                0x000000000800542c       0x14 ./Drivers/STM32F4xx_HAL_Driver/Src/stm32f4xx_hal_adc.o
                0x000000000800542c                HAL_ADC_ConvHalfCpltCallback
 .text.HAL_ADC_ErrorCallback
                0x0000000008005440       0x14 ./Drivers/STM32F4xx_HAL_Driver/Src/stm32f4xx_hal_adc.o
                0x0000000008005440                HAL_ADC_ErrorCallback
 .text.HAL_ADC_ConfigChannel
                0x0000000008005454      0x244 ./Drivers/STM32F4xx_HAL_Driver/Src/stm32f4xx_hal_adc.o
                0x0000000008005454                HAL_ADC_ConfigChannel
 .text.ADC_Init
                0x0000000008005698      0x1f8 ./Drivers/STM32F4xx_HAL_Driver/Src/stm32f4xx_hal_adc.o
 .text.ADC_DMAConvCplt
                0x0000000008005890       0xba ./Drivers/STM32F4xx_HAL_Driver/Src/stm32f4xx_hal_adc.o
 .text.ADC_DMAHalfConvCplt
                0x000000000800594a       0x1c ./Drivers/STM32F4xx_HAL_Driver/Src/stm32f4xx_hal_adc.o
 .text.ADC_DMAError
                0x0000000008005966       0x2e ./Drivers/STM32F4xx_HAL_Driver/Src/stm32f4xx_hal_adc.o
 .text.HAL_CAN_GetRxMessage
                0x0000000008005994      0x224 ./Drivers/STM32F4xx_HAL_Driver/Src/stm32f4xx_hal_can.o
                0x0000000008005994                HAL_CAN_GetRxMessage
 .text.HAL_CAN_ActivateNotification
                0x0000000008005bb8       0x4c ./Drivers/STM32F4xx_HAL_Driver/Src/stm32f4xx_hal_can.o
                0x0000000008005bb8                HAL_CAN_ActivateNotification
 .text.HAL_CAN_IRQHandler
                0x0000000008005c04      0x36e ./Drivers/STM32F4xx_HAL_Driver/Src/stm32f4xx_hal_can.o
                0x0000000008005c04                HAL_CAN_IRQHandler
 .text.HAL_CAN_TxMailbox0CompleteCallback
                0x0000000008005f72       0x14 ./Drivers/STM32F4xx_HAL_Driver/Src/stm32f4xx_hal_can.o
                0x0000000008005f72                HAL_CAN_TxMailbox0CompleteCallback
 .text.HAL_CAN_TxMailbox1CompleteCallback
                0x0000000008005f86       0x14 ./Drivers/STM32F4xx_HAL_Driver/Src/stm32f4xx_hal_can.o
                0x0000000008005f86                HAL_CAN_TxMailbox1CompleteCallback
 .text.HAL_CAN_TxMailbox2CompleteCallback
                0x0000000008005f9a       0x14 ./Drivers/STM32F4xx_HAL_Driver/Src/stm32f4xx_hal_can.o
                0x0000000008005f9a                HAL_CAN_TxMailbox2CompleteCallback
 .text.HAL_CAN_TxMailbox0AbortCallback
                0x0000000008005fae       0x14 ./Drivers/STM32F4xx_HAL_Driver/Src/stm32f4xx_hal_can.o
                0x0000000008005fae                HAL_CAN_TxMailbox0AbortCallback
 .text.HAL_CAN_TxMailbox1AbortCallback
                0x0000000008005fc2       0x14 ./Drivers/STM32F4xx_HAL_Driver/Src/stm32f4xx_hal_can.o
                0x0000000008005fc2                HAL_CAN_TxMailbox1AbortCallback
 .text.HAL_CAN_TxMailbox2AbortCallback
                0x0000000008005fd6       0x14 ./Drivers/STM32F4xx_HAL_Driver/Src/stm32f4xx_hal_can.o
                0x0000000008005fd6                HAL_CAN_TxMailbox2AbortCallback
 .text.HAL_CAN_RxFifo0FullCallback
                0x0000000008005fea       0x14 ./Drivers/STM32F4xx_HAL_Driver/Src/stm32f4xx_hal_can.o
                0x0000000008005fea                HAL_CAN_RxFifo0FullCallback
 .text.HAL_CAN_RxFifo1FullCallback
                0x0000000008005ffe       0x14 ./Drivers/STM32F4xx_HAL_Driver/Src/stm32f4xx_hal_can.o
                0x0000000008005ffe                HAL_CAN_RxFifo1FullCallback
 .text.HAL_CAN_SleepCallback
                0x0000000008006012       0x14 ./Drivers/STM32F4xx_HAL_Driver/Src/stm32f4xx_hal_can.o
                0x0000000008006012                HAL_CAN_SleepCallback
 .text.HAL_CAN_WakeUpFromRxMsgCallback
                0x0000000008006026       0x14 ./Drivers/STM32F4xx_HAL_Driver/Src/stm32f4xx_hal_can.o
                0x0000000008006026                HAL_CAN_WakeUpFromRxMsgCallback
 .text.HAL_CAN_ErrorCallback
                0x000000000800603a       0x14 ./Drivers/STM32F4xx_HAL_Driver/Src/stm32f4xx_hal_can.o
                0x000000000800603a                HAL_CAN_ErrorCallback
 *fill*         0x000000000800604e        0x2 
 .text.__NVIC_SetPriorityGrouping
                0x0000000008006050       0x48 ./Drivers/STM32F4xx_HAL_Driver/Src/stm32f4xx_hal_cortex.o
 .text.__NVIC_GetPriorityGrouping
                0x0000000008006098       0x1c ./Drivers/STM32F4xx_HAL_Driver/Src/stm32f4xx_hal_cortex.o
 .text.__NVIC_EnableIRQ
                0x00000000080060b4       0x3c ./Drivers/STM32F4xx_HAL_Driver/Src/stm32f4xx_hal_cortex.o
 .text.__NVIC_SetPriority
                0x00000000080060f0       0x54 ./Drivers/STM32F4xx_HAL_Driver/Src/stm32f4xx_hal_cortex.o
 .text.NVIC_EncodePriority
                0x0000000008006144       0x66 ./Drivers/STM32F4xx_HAL_Driver/Src/stm32f4xx_hal_cortex.o
 *fill*         0x00000000080061aa        0x2 
 .text.SysTick_Config
                0x00000000080061ac       0x44 ./Drivers/STM32F4xx_HAL_Driver/Src/stm32f4xx_hal_cortex.o
 .text.HAL_NVIC_SetPriorityGrouping
                0x00000000080061f0       0x16 ./Drivers/STM32F4xx_HAL_Driver/Src/stm32f4xx_hal_cortex.o
                0x00000000080061f0                HAL_NVIC_SetPriorityGrouping
 .text.HAL_NVIC_SetPriority
                0x0000000008006206       0x38 ./Drivers/STM32F4xx_HAL_Driver/Src/stm32f4xx_hal_cortex.o
                0x0000000008006206                HAL_NVIC_SetPriority
 .text.HAL_NVIC_EnableIRQ
                0x000000000800623e       0x1c ./Drivers/STM32F4xx_HAL_Driver/Src/stm32f4xx_hal_cortex.o
                0x000000000800623e                HAL_NVIC_EnableIRQ
 .text.HAL_SYSTICK_Config
                0x000000000800625a       0x18 ./Drivers/STM32F4xx_HAL_Driver/Src/stm32f4xx_hal_cortex.o
                0x000000000800625a                HAL_SYSTICK_Config
 *fill*         0x0000000008006272        0x2 
 .text.HAL_DMA_Init
                0x0000000008006274      0x15c ./Drivers/STM32F4xx_HAL_Driver/Src/stm32f4xx_hal_dma.o
                0x0000000008006274                HAL_DMA_Init
 .text.HAL_DMA_Start_IT
                0x00000000080063d0       0xb0 ./Drivers/STM32F4xx_HAL_Driver/Src/stm32f4xx_hal_dma.o
                0x00000000080063d0                HAL_DMA_Start_IT
 .text.HAL_DMA_Abort_IT
                0x0000000008006480       0x44 ./Drivers/STM32F4xx_HAL_Driver/Src/stm32f4xx_hal_dma.o
                0x0000000008006480                HAL_DMA_Abort_IT
 .text.HAL_DMA_IRQHandler
                0x00000000080064c4      0x314 ./Drivers/STM32F4xx_HAL_Driver/Src/stm32f4xx_hal_dma.o
                0x00000000080064c4                HAL_DMA_IRQHandler
 .text.HAL_DMA_GetState
                0x00000000080067d8       0x1c ./Drivers/STM32F4xx_HAL_Driver/Src/stm32f4xx_hal_dma.o
                0x00000000080067d8                HAL_DMA_GetState
 .text.DMA_SetConfig
                0x00000000080067f4       0x5c ./Drivers/STM32F4xx_HAL_Driver/Src/stm32f4xx_hal_dma.o
 .text.DMA_CalcBaseAndBitshift
                0x0000000008006850       0x6c ./Drivers/STM32F4xx_HAL_Driver/Src/stm32f4xx_hal_dma.o
 .text.DMA_CheckFifoParam
                0x00000000080068bc       0xf8 ./Drivers/STM32F4xx_HAL_Driver/Src/stm32f4xx_hal_dma.o
 .text.HAL_GPIO_Init
                0x00000000080069b4      0x338 ./Drivers/STM32F4xx_HAL_Driver/Src/stm32f4xx_hal_gpio.o
                0x00000000080069b4                HAL_GPIO_Init
 .text.HAL_GPIO_ReadPin
                0x0000000008006cec       0x30 ./Drivers/STM32F4xx_HAL_Driver/Src/stm32f4xx_hal_gpio.o
                0x0000000008006cec                HAL_GPIO_ReadPin
 .text.HAL_GPIO_WritePin
                0x0000000008006d1c       0x32 ./Drivers/STM32F4xx_HAL_Driver/Src/stm32f4xx_hal_gpio.o
                0x0000000008006d1c                HAL_GPIO_WritePin
 .text.HAL_I2C_EV_IRQHandler
                0x0000000008006d4e      0x2da ./Drivers/STM32F4xx_HAL_Driver/Src/stm32f4xx_hal_i2c.o
                0x0000000008006d4e                HAL_I2C_EV_IRQHandler
 .text.HAL_I2C_ER_IRQHandler
                0x0000000008007028      0x14e ./Drivers/STM32F4xx_HAL_Driver/Src/stm32f4xx_hal_i2c.o
                0x0000000008007028                HAL_I2C_ER_IRQHandler
 .text.HAL_I2C_MasterTxCpltCallback
                0x0000000008007176       0x14 ./Drivers/STM32F4xx_HAL_Driver/Src/stm32f4xx_hal_i2c.o
                0x0000000008007176                HAL_I2C_MasterTxCpltCallback
 .text.HAL_I2C_SlaveTxCpltCallback
                0x000000000800718a       0x14 ./Drivers/STM32F4xx_HAL_Driver/Src/stm32f4xx_hal_i2c.o
                0x000000000800718a                HAL_I2C_SlaveTxCpltCallback
 .text.HAL_I2C_SlaveRxCpltCallback
                0x000000000800719e       0x14 ./Drivers/STM32F4xx_HAL_Driver/Src/stm32f4xx_hal_i2c.o
                0x000000000800719e                HAL_I2C_SlaveRxCpltCallback
 .text.HAL_I2C_AddrCallback
                0x00000000080071b2       0x1c ./Drivers/STM32F4xx_HAL_Driver/Src/stm32f4xx_hal_i2c.o
                0x00000000080071b2                HAL_I2C_AddrCallback
 .text.HAL_I2C_ListenCpltCallback
                0x00000000080071ce       0x14 ./Drivers/STM32F4xx_HAL_Driver/Src/stm32f4xx_hal_i2c.o
                0x00000000080071ce                HAL_I2C_ListenCpltCallback
 .text.HAL_I2C_MemTxCpltCallback
                0x00000000080071e2       0x14 ./Drivers/STM32F4xx_HAL_Driver/Src/stm32f4xx_hal_i2c.o
                0x00000000080071e2                HAL_I2C_MemTxCpltCallback
 .text.HAL_I2C_MemRxCpltCallback
                0x00000000080071f6       0x14 ./Drivers/STM32F4xx_HAL_Driver/Src/stm32f4xx_hal_i2c.o
                0x00000000080071f6                HAL_I2C_MemRxCpltCallback
 .text.HAL_I2C_ErrorCallback
                0x000000000800720a       0x14 ./Drivers/STM32F4xx_HAL_Driver/Src/stm32f4xx_hal_i2c.o
                0x000000000800720a                HAL_I2C_ErrorCallback
 .text.HAL_I2C_AbortCpltCallback
                0x000000000800721e       0x14 ./Drivers/STM32F4xx_HAL_Driver/Src/stm32f4xx_hal_i2c.o
                0x000000000800721e                HAL_I2C_AbortCpltCallback
 .text.I2C_MasterTransmit_TXE
                0x0000000008007232      0x138 ./Drivers/STM32F4xx_HAL_Driver/Src/stm32f4xx_hal_i2c.o
 .text.I2C_MasterTransmit_BTF
                0x000000000800736a       0xd0 ./Drivers/STM32F4xx_HAL_Driver/Src/stm32f4xx_hal_i2c.o
 .text.I2C_MemoryTransmit_TXE_BTF
                0x000000000800743a      0x11e ./Drivers/STM32F4xx_HAL_Driver/Src/stm32f4xx_hal_i2c.o
 .text.I2C_MasterReceive_RXNE
                0x0000000008007558      0x162 ./Drivers/STM32F4xx_HAL_Driver/Src/stm32f4xx_hal_i2c.o
 .text.I2C_MasterReceive_BTF
                0x00000000080076ba      0x1d4 ./Drivers/STM32F4xx_HAL_Driver/Src/stm32f4xx_hal_i2c.o
 .text.I2C_Master_SB
                0x000000000800788e      0x10c ./Drivers/STM32F4xx_HAL_Driver/Src/stm32f4xx_hal_i2c.o
 .text.I2C_Master_ADD10
                0x000000000800799a       0x54 ./Drivers/STM32F4xx_HAL_Driver/Src/stm32f4xx_hal_i2c.o
 .text.I2C_Master_ADDR
                0x00000000080079ee      0x322 ./Drivers/STM32F4xx_HAL_Driver/Src/stm32f4xx_hal_i2c.o
 .text.I2C_SlaveTransmit_TXE
                0x0000000008007d10       0x7a ./Drivers/STM32F4xx_HAL_Driver/Src/stm32f4xx_hal_i2c.o
 .text.I2C_SlaveTransmit_BTF
                0x0000000008007d8a       0x42 ./Drivers/STM32F4xx_HAL_Driver/Src/stm32f4xx_hal_i2c.o
 .text.I2C_SlaveReceive_RXNE
                0x0000000008007dcc       0x7c ./Drivers/STM32F4xx_HAL_Driver/Src/stm32f4xx_hal_i2c.o
 .text.I2C_SlaveReceive_BTF
                0x0000000008007e48       0x44 ./Drivers/STM32F4xx_HAL_Driver/Src/stm32f4xx_hal_i2c.o
 .text.I2C_Slave_ADDR
                0x0000000008007e8c       0x88 ./Drivers/STM32F4xx_HAL_Driver/Src/stm32f4xx_hal_i2c.o
 .text.I2C_Slave_STOPF
                0x0000000008007f14      0x260 ./Drivers/STM32F4xx_HAL_Driver/Src/stm32f4xx_hal_i2c.o
 .text.I2C_Slave_AF
                0x0000000008008174       0xe0 ./Drivers/STM32F4xx_HAL_Driver/Src/stm32f4xx_hal_i2c.o
 .text.I2C_ITError
                0x0000000008008254      0x264 ./Drivers/STM32F4xx_HAL_Driver/Src/stm32f4xx_hal_i2c.o
 .text.I2C_DMAAbort
                0x00000000080084b8      0x150 ./Drivers/STM32F4xx_HAL_Driver/Src/stm32f4xx_hal_i2c.o
 .text.I2C_WaitOnSTOPRequestThroughIT
                0x0000000008008608       0x64 ./Drivers/STM32F4xx_HAL_Driver/Src/stm32f4xx_hal_i2c.o
 .text.I2C_ConvertOtherXferOptions
                0x000000000800866c       0x36 ./Drivers/STM32F4xx_HAL_Driver/Src/stm32f4xx_hal_i2c.o
 *fill*         0x00000000080086a2        0x2 
 .text.HAL_RCC_OscConfig
                0x00000000080086a4      0x4dc ./Drivers/STM32F4xx_HAL_Driver/Src/stm32f4xx_hal_rcc.o
                0x00000000080086a4                HAL_RCC_OscConfig
 .text.HAL_RCC_ClockConfig
                0x0000000008008b80      0x1cc ./Drivers/STM32F4xx_HAL_Driver/Src/stm32f4xx_hal_rcc.o
                0x0000000008008b80                HAL_RCC_ClockConfig
 .text.HAL_RCC_EnableCSS
                0x0000000008008d4c       0x18 ./Drivers/STM32F4xx_HAL_Driver/Src/stm32f4xx_hal_rcc.o
                0x0000000008008d4c                HAL_RCC_EnableCSS
 .text.HAL_RCC_GetSysClockFreq
                0x0000000008008d64      0x20c ./Drivers/STM32F4xx_HAL_Driver/Src/stm32f4xx_hal_rcc.o
                0x0000000008008d64                HAL_RCC_GetSysClockFreq
 .text.HAL_RCC_GetHCLKFreq
                0x0000000008008f70       0x18 ./Drivers/STM32F4xx_HAL_Driver/Src/stm32f4xx_hal_rcc.o
                0x0000000008008f70                HAL_RCC_GetHCLKFreq
 .text.HAL_RCC_GetPCLK1Freq
                0x0000000008008f88       0x28 ./Drivers/STM32F4xx_HAL_Driver/Src/stm32f4xx_hal_rcc.o
                0x0000000008008f88                HAL_RCC_GetPCLK1Freq
 .text.HAL_RCC_GetPCLK2Freq
                0x0000000008008fb0       0x28 ./Drivers/STM32F4xx_HAL_Driver/Src/stm32f4xx_hal_rcc.o
                0x0000000008008fb0                HAL_RCC_GetPCLK2Freq
 .text.HAL_SPI_IRQHandler
                0x0000000008008fd8      0x200 ./Drivers/STM32F4xx_HAL_Driver/Src/stm32f4xx_hal_spi.o
                0x0000000008008fd8                HAL_SPI_IRQHandler
 .text.HAL_SPI_ErrorCallback
                0x00000000080091d8       0x14 ./Drivers/STM32F4xx_HAL_Driver/Src/stm32f4xx_hal_spi.o
                0x00000000080091d8                HAL_SPI_ErrorCallback
 .text.SPI_DMAAbortOnError
                0x00000000080091ec       0x28 ./Drivers/STM32F4xx_HAL_Driver/Src/stm32f4xx_hal_spi.o
 .text.HAL_TIM_Base_Init
                0x0000000008009214       0x56 ./Drivers/STM32F4xx_HAL_Driver/Src/stm32f4xx_hal_tim.o
                0x0000000008009214                HAL_TIM_Base_Init
 .text.HAL_TIM_Base_Start
                0x000000000800926a       0x48 ./Drivers/STM32F4xx_HAL_Driver/Src/stm32f4xx_hal_tim.o
                0x000000000800926a                HAL_TIM_Base_Start
 .text.HAL_TIM_Base_Start_IT
                0x00000000080092b2       0x48 ./Drivers/STM32F4xx_HAL_Driver/Src/stm32f4xx_hal_tim.o
                0x00000000080092b2                HAL_TIM_Base_Start_IT
 .text.HAL_TIM_PWM_Init
                0x00000000080092fa       0x56 ./Drivers/STM32F4xx_HAL_Driver/Src/stm32f4xx_hal_tim.o
                0x00000000080092fa                HAL_TIM_PWM_Init
 .text.HAL_TIM_PWM_Start
                0x0000000008009350       0x7c ./Drivers/STM32F4xx_HAL_Driver/Src/stm32f4xx_hal_tim.o
                0x0000000008009350                HAL_TIM_PWM_Start
 .text.HAL_TIM_IRQHandler
                0x00000000080093cc      0x210 ./Drivers/STM32F4xx_HAL_Driver/Src/stm32f4xx_hal_tim.o
                0x00000000080093cc                HAL_TIM_IRQHandler
 .text.HAL_TIM_PWM_ConfigChannel
                0x00000000080095dc      0x18c ./Drivers/STM32F4xx_HAL_Driver/Src/stm32f4xx_hal_tim.o
                0x00000000080095dc                HAL_TIM_PWM_ConfigChannel
 .text.HAL_TIM_ConfigClockSource
                0x0000000008009768      0x188 ./Drivers/STM32F4xx_HAL_Driver/Src/stm32f4xx_hal_tim.o
                0x0000000008009768                HAL_TIM_ConfigClockSource
 .text.HAL_TIM_PeriodElapsedCallback
                0x00000000080098f0       0x14 ./Drivers/STM32F4xx_HAL_Driver/Src/stm32f4xx_hal_tim.o
                0x00000000080098f0                HAL_TIM_PeriodElapsedCallback
 .text.HAL_TIM_OC_DelayElapsedCallback
                0x0000000008009904       0x14 ./Drivers/STM32F4xx_HAL_Driver/Src/stm32f4xx_hal_tim.o
                0x0000000008009904                HAL_TIM_OC_DelayElapsedCallback
 .text.HAL_TIM_IC_CaptureCallback
                0x0000000008009918       0x14 ./Drivers/STM32F4xx_HAL_Driver/Src/stm32f4xx_hal_tim.o
                0x0000000008009918                HAL_TIM_IC_CaptureCallback
 .text.HAL_TIM_PWM_PulseFinishedCallback
                0x000000000800992c       0x14 ./Drivers/STM32F4xx_HAL_Driver/Src/stm32f4xx_hal_tim.o
                0x000000000800992c                HAL_TIM_PWM_PulseFinishedCallback
 .text.HAL_TIM_TriggerCallback
                0x0000000008009940       0x14 ./Drivers/STM32F4xx_HAL_Driver/Src/stm32f4xx_hal_tim.o
                0x0000000008009940                HAL_TIM_TriggerCallback
 .text.TIM_Base_SetConfig
                0x0000000008009954      0x140 ./Drivers/STM32F4xx_HAL_Driver/Src/stm32f4xx_hal_tim.o
                0x0000000008009954                TIM_Base_SetConfig
 .text.TIM_OC1_SetConfig
                0x0000000008009a94       0xe0 ./Drivers/STM32F4xx_HAL_Driver/Src/stm32f4xx_hal_tim.o
 .text.TIM_OC2_SetConfig
                0x0000000008009b74       0xec ./Drivers/STM32F4xx_HAL_Driver/Src/stm32f4xx_hal_tim.o
                0x0000000008009b74                TIM_OC2_SetConfig
 .text.TIM_OC3_SetConfig
                0x0000000008009c60       0xe8 ./Drivers/STM32F4xx_HAL_Driver/Src/stm32f4xx_hal_tim.o
 .text.TIM_OC4_SetConfig
                0x0000000008009d48       0xac ./Drivers/STM32F4xx_HAL_Driver/Src/stm32f4xx_hal_tim.o
 .text.TIM_TI1_ConfigInputStage
                0x0000000008009df4       0x5e ./Drivers/STM32F4xx_HAL_Driver/Src/stm32f4xx_hal_tim.o
 .text.TIM_TI2_ConfigInputStage
                0x0000000008009e52       0x60 ./Drivers/STM32F4xx_HAL_Driver/Src/stm32f4xx_hal_tim.o
 .text.TIM_ITRx_SetConfig
                0x0000000008009eb2       0x36 ./Drivers/STM32F4xx_HAL_Driver/Src/stm32f4xx_hal_tim.o
 .text.TIM_ETR_SetConfig
                0x0000000008009ee8       0x40 ./Drivers/STM32F4xx_HAL_Driver/Src/stm32f4xx_hal_tim.o
                0x0000000008009ee8                TIM_ETR_SetConfig
 .text.TIM_CCxChannelCmd
                0x0000000008009f28       0x4a ./Drivers/STM32F4xx_HAL_Driver/Src/stm32f4xx_hal_tim.o
                0x0000000008009f28                TIM_CCxChannelCmd
 *fill*         0x0000000008009f72        0x2 
 .text.HAL_TIMEx_MasterConfigSynchronization
                0x0000000008009f74       0xf8 ./Drivers/STM32F4xx_HAL_Driver/Src/stm32f4xx_hal_tim_ex.o
                0x0000000008009f74                HAL_TIMEx_MasterConfigSynchronization
 .text.HAL_TIMEx_CommutCallback
                0x000000000800a06c       0x14 ./Drivers/STM32F4xx_HAL_Driver/Src/stm32f4xx_hal_tim_ex.o
                0x000000000800a06c                HAL_TIMEx_CommutCallback
 .text.HAL_TIMEx_BreakCallback
                0x000000000800a080       0x14 ./Drivers/STM32F4xx_HAL_Driver/Src/stm32f4xx_hal_tim_ex.o
                0x000000000800a080                HAL_TIMEx_BreakCallback
 .text.HAL_UART_Init
                0x000000000800a094       0x9a ./Drivers/STM32F4xx_HAL_Driver/Src/stm32f4xx_hal_uart.o
                0x000000000800a094                HAL_UART_Init
 *fill*         0x000000000800a12e        0x2 
 .text.HAL_UART_IRQHandler
                0x000000000800a130      0x200 ./Drivers/STM32F4xx_HAL_Driver/Src/stm32f4xx_hal_uart.o
                0x000000000800a130                HAL_UART_IRQHandler
 .text.HAL_UART_TxCpltCallback
                0x000000000800a330       0x14 ./Drivers/STM32F4xx_HAL_Driver/Src/stm32f4xx_hal_uart.o
                0x000000000800a330                HAL_UART_TxCpltCallback
 .text.HAL_UART_RxCpltCallback
                0x000000000800a344       0x14 ./Drivers/STM32F4xx_HAL_Driver/Src/stm32f4xx_hal_uart.o
                0x000000000800a344                HAL_UART_RxCpltCallback
 .text.HAL_UART_ErrorCallback
                0x000000000800a358       0x14 ./Drivers/STM32F4xx_HAL_Driver/Src/stm32f4xx_hal_uart.o
                0x000000000800a358                HAL_UART_ErrorCallback
 .text.UART_EndRxTransfer
                0x000000000800a36c       0x3c ./Drivers/STM32F4xx_HAL_Driver/Src/stm32f4xx_hal_uart.o
 .text.UART_DMAAbortOnError
                0x000000000800a3a8       0x28 ./Drivers/STM32F4xx_HAL_Driver/Src/stm32f4xx_hal_uart.o
 .text.UART_Transmit_IT
                0x000000000800a3d0       0xac ./Drivers/STM32F4xx_HAL_Driver/Src/stm32f4xx_hal_uart.o
 .text.UART_EndTransmit_IT
                0x000000000800a47c       0x30 ./Drivers/STM32F4xx_HAL_Driver/Src/stm32f4xx_hal_uart.o
 .text.UART_Receive_IT
                0x000000000800a4ac      0x102 ./Drivers/STM32F4xx_HAL_Driver/Src/stm32f4xx_hal_uart.o
 *fill*         0x000000000800a5ae        0x2 
 .text.UART_SetConfig
                0x000000000800a5b0      0x99c ./Drivers/STM32F4xx_HAL_Driver/Src/stm32f4xx_hal_uart.o
 .text.__cxa_pure_virtual
                0x000000000800af4c        0x6 /opt/st/stm32cubeide_1.12.0/plugins/com.st.stm32cube.ide.mcu.externaltools.gnu-tools-for-stm32.10.3-2021.10.linux64_1.0.200.202301161003/tools/bin/../lib/gcc/arm-none-eabi/10.3.1/../../../../arm-none-eabi/lib/thumb/v7e-m+fp/hard/libstdc++_nano.a(pure.o)
                0x000000000800af4c                __cxa_pure_virtual
 .text._ZN10__cxxabiv111__terminateEPFvvE
                0x000000000800af52        0x8 /opt/st/stm32cubeide_1.12.0/plugins/com.st.stm32cube.ide.mcu.externaltools.gnu-tools-for-stm32.10.3-2021.10.linux64_1.0.200.202301161003/tools/bin/../lib/gcc/arm-none-eabi/10.3.1/../../../../arm-none-eabi/lib/thumb/v7e-m+fp/hard/libstdc++_nano.a(eh_terminate.o)
                0x000000000800af52                __cxxabiv1::__terminate(void (*)())
 *fill*         0x000000000800af5a        0x2 
 .text._ZSt13get_terminatev
                0x000000000800af5c       0x10 /opt/st/stm32cubeide_1.12.0/plugins/com.st.stm32cube.ide.mcu.externaltools.gnu-tools-for-stm32.10.3-2021.10.linux64_1.0.200.202301161003/tools/bin/../lib/gcc/arm-none-eabi/10.3.1/../../../../arm-none-eabi/lib/thumb/v7e-m+fp/hard/libstdc++_nano.a(eh_terminate.o)
                0x000000000800af5c                std::get_terminate()
 .text._ZSt9terminatev
                0x000000000800af6c        0xa /opt/st/stm32cubeide_1.12.0/plugins/com.st.stm32cube.ide.mcu.externaltools.gnu-tools-for-stm32.10.3-2021.10.linux64_1.0.200.202301161003/tools/bin/../lib/gcc/arm-none-eabi/10.3.1/../../../../arm-none-eabi/lib/thumb/v7e-m+fp/hard/libstdc++_nano.a(eh_terminate.o)
                0x000000000800af6c                std::terminate()
 .text.abort    0x000000000800af76        0xe /opt/st/stm32cubeide_1.12.0/plugins/com.st.stm32cube.ide.mcu.externaltools.gnu-tools-for-stm32.10.3-2021.10.linux64_1.0.200.202301161003/tools/bin/../lib/gcc/arm-none-eabi/10.3.1/../../../../arm-none-eabi/lib/thumb/v7e-m+fp/hard/libc_nano.a(lib_a-abort.o)
                0x000000000800af76                abort
 .text.__errno  0x000000000800af84        0xc /opt/st/stm32cubeide_1.12.0/plugins/com.st.stm32cube.ide.mcu.externaltools.gnu-tools-for-stm32.10.3-2021.10.linux64_1.0.200.202301161003/tools/bin/../lib/gcc/arm-none-eabi/10.3.1/../../../../arm-none-eabi/lib/thumb/v7e-m+fp/hard/libc_nano.a(lib_a-errno.o)
                0x000000000800af84                __errno
 .text.__libc_init_array
                0x000000000800af90       0x48 /opt/st/stm32cubeide_1.12.0/plugins/com.st.stm32cube.ide.mcu.externaltools.gnu-tools-for-stm32.10.3-2021.10.linux64_1.0.200.202301161003/tools/bin/../lib/gcc/arm-none-eabi/10.3.1/../../../../arm-none-eabi/lib/thumb/v7e-m+fp/hard/libc_nano.a(lib_a-init.o)
                0x000000000800af90                __libc_init_array
 .text.memcpy   0x000000000800afd8       0x1c /opt/st/stm32cubeide_1.12.0/plugins/com.st.stm32cube.ide.mcu.externaltools.gnu-tools-for-stm32.10.3-2021.10.linux64_1.0.200.202301161003/tools/bin/../lib/gcc/arm-none-eabi/10.3.1/../../../../arm-none-eabi/lib/thumb/v7e-m+fp/hard/libc_nano.a(lib_a-memcpy-stub.o)
                0x000000000800afd8                memcpy
 .text.memset   0x000000000800aff4       0x10 /opt/st/stm32cubeide_1.12.0/plugins/com.st.stm32cube.ide.mcu.externaltools.gnu-tools-for-stm32.10.3-2021.10.linux64_1.0.200.202301161003/tools/bin/../lib/gcc/arm-none-eabi/10.3.1/../../../../arm-none-eabi/lib/thumb/v7e-m+fp/hard/libc_nano.a(lib_a-memset.o)
                0x000000000800aff4                memset
 .text.realloc  0x000000000800b004       0x10 /opt/st/stm32cubeide_1.12.0/plugins/com.st.stm32cube.ide.mcu.externaltools.gnu-tools-for-stm32.10.3-2021.10.linux64_1.0.200.202301161003/tools/bin/../lib/gcc/arm-none-eabi/10.3.1/../../../../arm-none-eabi/lib/thumb/v7e-m+fp/hard/libc_nano.a(lib_a-realloc.o)
                0x000000000800b004                realloc
 .text._raise_r
                0x000000000800b014       0x50 /opt/st/stm32cubeide_1.12.0/plugins/com.st.stm32cube.ide.mcu.externaltools.gnu-tools-for-stm32.10.3-2021.10.linux64_1.0.200.202301161003/tools/bin/../lib/gcc/arm-none-eabi/10.3.1/../../../../arm-none-eabi/lib/thumb/v7e-m+fp/hard/libc_nano.a(lib_a-signal.o)
                0x000000000800b014                _raise_r
 .text.raise    0x000000000800b064       0x10 /opt/st/stm32cubeide_1.12.0/plugins/com.st.stm32cube.ide.mcu.externaltools.gnu-tools-for-stm32.10.3-2021.10.linux64_1.0.200.202301161003/tools/bin/../lib/gcc/arm-none-eabi/10.3.1/../../../../arm-none-eabi/lib/thumb/v7e-m+fp/hard/libc_nano.a(lib_a-signal.o)
                0x000000000800b064                raise
 .text._kill_r  0x000000000800b074       0x24 /opt/st/stm32cubeide_1.12.0/plugins/com.st.stm32cube.ide.mcu.externaltools.gnu-tools-for-stm32.10.3-2021.10.linux64_1.0.200.202301161003/tools/bin/../lib/gcc/arm-none-eabi/10.3.1/../../../../arm-none-eabi/lib/thumb/v7e-m+fp/hard/libc_nano.a(lib_a-signalr.o)
                0x000000000800b074                _kill_r
 .text._getpid_r
                0x000000000800b098        0x4 /opt/st/stm32cubeide_1.12.0/plugins/com.st.stm32cube.ide.mcu.externaltools.gnu-tools-for-stm32.10.3-2021.10.linux64_1.0.200.202301161003/tools/bin/../lib/gcc/arm-none-eabi/10.3.1/../../../../arm-none-eabi/lib/thumb/v7e-m+fp/hard/libc_nano.a(lib_a-signalr.o)
                0x000000000800b098                _getpid_r
 .text.sprintf  0x000000000800b09c       0x40 /opt/st/stm32cubeide_1.12.0/plugins/com.st.stm32cube.ide.mcu.externaltools.gnu-tools-for-stm32.10.3-2021.10.linux64_1.0.200.202301161003/tools/bin/../lib/gcc/arm-none-eabi/10.3.1/../../../../arm-none-eabi/lib/thumb/v7e-m+fp/hard/libc_nano.a(lib_a-sprintf.o)
                0x000000000800b09c                sprintf
                0x000000000800b09c                siprintf
 .text.sbrk_aligned
                0x000000000800b0dc       0x40 /opt/st/stm32cubeide_1.12.0/plugins/com.st.stm32cube.ide.mcu.externaltools.gnu-tools-for-stm32.10.3-2021.10.linux64_1.0.200.202301161003/tools/bin/../lib/gcc/arm-none-eabi/10.3.1/../../../../arm-none-eabi/lib/thumb/v7e-m+fp/hard/libc_nano.a(lib_a-nano-mallocr.o)
 .text._malloc_r
                0x000000000800b11c       0xe8 /opt/st/stm32cubeide_1.12.0/plugins/com.st.stm32cube.ide.mcu.externaltools.gnu-tools-for-stm32.10.3-2021.10.linux64_1.0.200.202301161003/tools/bin/../lib/gcc/arm-none-eabi/10.3.1/../../../../arm-none-eabi/lib/thumb/v7e-m+fp/hard/libc_nano.a(lib_a-nano-mallocr.o)
                0x000000000800b11c                _malloc_r
 .text._realloc_r
                0x000000000800b204       0x5e /opt/st/stm32cubeide_1.12.0/plugins/com.st.stm32cube.ide.mcu.externaltools.gnu-tools-for-stm32.10.3-2021.10.linux64_1.0.200.202301161003/tools/bin/../lib/gcc/arm-none-eabi/10.3.1/../../../../arm-none-eabi/lib/thumb/v7e-m+fp/hard/libc_nano.a(lib_a-nano-reallocr.o)
                0x000000000800b204                _realloc_r
 .text.__ssputs_r
                0x000000000800b262       0xb6 /opt/st/stm32cubeide_1.12.0/plugins/com.st.stm32cube.ide.mcu.externaltools.gnu-tools-for-stm32.10.3-2021.10.linux64_1.0.200.202301161003/tools/bin/../lib/gcc/arm-none-eabi/10.3.1/../../../../arm-none-eabi/lib/thumb/v7e-m+fp/hard/libc_nano.a(lib_a-nano-svfprintf.o)
                0x000000000800b262                __ssputs_r
 .text._svfprintf_r
                0x000000000800b318      0x200 /opt/st/stm32cubeide_1.12.0/plugins/com.st.stm32cube.ide.mcu.externaltools.gnu-tools-for-stm32.10.3-2021.10.linux64_1.0.200.202301161003/tools/bin/../lib/gcc/arm-none-eabi/10.3.1/../../../../arm-none-eabi/lib/thumb/v7e-m+fp/hard/libc_nano.a(lib_a-nano-svfprintf.o)
                0x000000000800b318                _svfprintf_r
                0x000000000800b318                _svfiprintf_r
 .text._printf_common
                0x000000000800b518       0xda /opt/st/stm32cubeide_1.12.0/plugins/com.st.stm32cube.ide.mcu.externaltools.gnu-tools-for-stm32.10.3-2021.10.linux64_1.0.200.202301161003/tools/bin/../lib/gcc/arm-none-eabi/10.3.1/../../../../arm-none-eabi/lib/thumb/v7e-m+fp/hard/libc_nano.a(lib_a-nano-vfprintf_i.o)
                0x000000000800b518                _printf_common
 *fill*         0x000000000800b5f2        0x2 
 .text._printf_i
                0x000000000800b5f4      0x24c /opt/st/stm32cubeide_1.12.0/plugins/com.st.stm32cube.ide.mcu.externaltools.gnu-tools-for-stm32.10.3-2021.10.linux64_1.0.200.202301161003/tools/bin/../lib/gcc/arm-none-eabi/10.3.1/../../../../arm-none-eabi/lib/thumb/v7e-m+fp/hard/libc_nano.a(lib_a-nano-vfprintf_i.o)
                0x000000000800b5f4                _printf_i
 .text._sbrk_r  0x000000000800b840       0x20 /opt/st/stm32cubeide_1.12.0/plugins/com.st.stm32cube.ide.mcu.externaltools.gnu-tools-for-stm32.10.3-2021.10.linux64_1.0.200.202301161003/tools/bin/../lib/gcc/arm-none-eabi/10.3.1/../../../../arm-none-eabi/lib/thumb/v7e-m+fp/hard/libc_nano.a(lib_a-sbrkr.o)
                0x000000000800b840                _sbrk_r
 .text.__retarget_lock_acquire_recursive
                0x000000000800b860        0x2 /opt/st/stm32cubeide_1.12.0/plugins/com.st.stm32cube.ide.mcu.externaltools.gnu-tools-for-stm32.10.3-2021.10.linux64_1.0.200.202301161003/tools/bin/../lib/gcc/arm-none-eabi/10.3.1/../../../../arm-none-eabi/lib/thumb/v7e-m+fp/hard/libc_nano.a(lib_a-lock.o)
                0x000000000800b860                __retarget_lock_acquire_recursive
 .text.__retarget_lock_release_recursive
                0x000000000800b862        0x2 /opt/st/stm32cubeide_1.12.0/plugins/com.st.stm32cube.ide.mcu.externaltools.gnu-tools-for-stm32.10.3-2021.10.linux64_1.0.200.202301161003/tools/bin/../lib/gcc/arm-none-eabi/10.3.1/../../../../arm-none-eabi/lib/thumb/v7e-m+fp/hard/libc_nano.a(lib_a-lock.o)
                0x000000000800b862                __retarget_lock_release_recursive
 .text.memmove  0x000000000800b864       0x34 /opt/st/stm32cubeide_1.12.0/plugins/com.st.stm32cube.ide.mcu.externaltools.gnu-tools-for-stm32.10.3-2021.10.linux64_1.0.200.202301161003/tools/bin/../lib/gcc/arm-none-eabi/10.3.1/../../../../arm-none-eabi/lib/thumb/v7e-m+fp/hard/libc_nano.a(lib_a-memmove.o)
                0x000000000800b864                memmove
 .text.__malloc_lock
                0x000000000800b898        0xc /opt/st/stm32cubeide_1.12.0/plugins/com.st.stm32cube.ide.mcu.externaltools.gnu-tools-for-stm32.10.3-2021.10.linux64_1.0.200.202301161003/tools/bin/../lib/gcc/arm-none-eabi/10.3.1/../../../../arm-none-eabi/lib/thumb/v7e-m+fp/hard/libc_nano.a(lib_a-mlock.o)
                0x000000000800b898                __malloc_lock
 .text.__malloc_unlock
                0x000000000800b8a4        0xc /opt/st/stm32cubeide_1.12.0/plugins/com.st.stm32cube.ide.mcu.externaltools.gnu-tools-for-stm32.10.3-2021.10.linux64_1.0.200.202301161003/tools/bin/../lib/gcc/arm-none-eabi/10.3.1/../../../../arm-none-eabi/lib/thumb/v7e-m+fp/hard/libc_nano.a(lib_a-mlock.o)
                0x000000000800b8a4                __malloc_unlock
 .text._free_r  0x000000000800b8b0       0x98 /opt/st/stm32cubeide_1.12.0/plugins/com.st.stm32cube.ide.mcu.externaltools.gnu-tools-for-stm32.10.3-2021.10.linux64_1.0.200.202301161003/tools/bin/../lib/gcc/arm-none-eabi/10.3.1/../../../../arm-none-eabi/lib/thumb/v7e-m+fp/hard/libc_nano.a(lib_a-nano-freer.o)
                0x000000000800b8b0                _free_r
 .text._malloc_usable_size_r
                0x000000000800b948       0x10 /opt/st/stm32cubeide_1.12.0/plugins/com.st.stm32cube.ide.mcu.externaltools.gnu-tools-for-stm32.10.3-2021.10.linux64_1.0.200.202301161003/tools/bin/../lib/gcc/arm-none-eabi/10.3.1/../../../../arm-none-eabi/lib/thumb/v7e-m+fp/hard/libc_nano.a(lib_a-nano-msizer.o)
                0x000000000800b948                _malloc_usable_size_r
 *(.glue_7)
 .glue_7        0x000000000800b958        0x0 linker stubs
 *(.glue_7t)
 .glue_7t       0x000000000800b958        0x0 linker stubs
 *(.eh_frame)
 .eh_frame      0x000000000800b958        0x0 /opt/st/stm32cubeide_1.12.0/plugins/com.st.stm32cube.ide.mcu.externaltools.gnu-tools-for-stm32.10.3-2021.10.linux64_1.0.200.202301161003/tools/bin/../lib/gcc/arm-none-eabi/10.3.1/thumb/v7e-m+fp/hard/crtbegin.o
 *(.init)
 .init          0x000000000800b958        0x4 /opt/st/stm32cubeide_1.12.0/plugins/com.st.stm32cube.ide.mcu.externaltools.gnu-tools-for-stm32.10.3-2021.10.linux64_1.0.200.202301161003/tools/bin/../lib/gcc/arm-none-eabi/10.3.1/thumb/v7e-m+fp/hard/crti.o
                0x000000000800b958                _init
 .init          0x000000000800b95c        0x8 /opt/st/stm32cubeide_1.12.0/plugins/com.st.stm32cube.ide.mcu.externaltools.gnu-tools-for-stm32.10.3-2021.10.linux64_1.0.200.202301161003/tools/bin/../lib/gcc/arm-none-eabi/10.3.1/thumb/v7e-m+fp/hard/crtn.o
 *(.fini)
 .fini          0x000000000800b964        0x4 /opt/st/stm32cubeide_1.12.0/plugins/com.st.stm32cube.ide.mcu.externaltools.gnu-tools-for-stm32.10.3-2021.10.linux64_1.0.200.202301161003/tools/bin/../lib/gcc/arm-none-eabi/10.3.1/thumb/v7e-m+fp/hard/crti.o
                0x000000000800b964                _fini
 .fini          0x000000000800b968        0x8 /opt/st/stm32cubeide_1.12.0/plugins/com.st.stm32cube.ide.mcu.externaltools.gnu-tools-for-stm32.10.3-2021.10.linux64_1.0.200.202301161003/tools/bin/../lib/gcc/arm-none-eabi/10.3.1/thumb/v7e-m+fp/hard/crtn.o
                0x000000000800b970                . = ALIGN (0x4)
                0x000000000800b970                _etext = .

.vfp11_veneer   0x000000000800b970        0x0
 .vfp11_veneer  0x000000000800b970        0x0 linker stubs

.v4_bx          0x000000000800b970        0x0
 .v4_bx         0x000000000800b970        0x0 linker stubs

.iplt           0x000000000800b970        0x0
 .iplt          0x000000000800b970        0x0 /opt/st/stm32cubeide_1.12.0/plugins/com.st.stm32cube.ide.mcu.externaltools.gnu-tools-for-stm32.10.3-2021.10.linux64_1.0.200.202301161003/tools/bin/../lib/gcc/arm-none-eabi/10.3.1/thumb/v7e-m+fp/hard/crtbegin.o

.rodata         0x000000000800b970      0x36c
                0x000000000800b970                . = ALIGN (0x4)
 *(.rodata)
 .rodata        0x000000000800b970      0x19c ./Core/Src/MAIN/main.o
 *(.rodata*)
 .rodata._ZN14rosserial_msgsL12REQUESTPARAME
                0x000000000800bb0c       0x1c ./Core/Src/MAIN/main.o
 .rodata._ZTVN3ros10SubscriberIN8adam_msg3LEdEvEE
                0x000000000800bb28       0x18 ./Core/Src/MAIN/main.o
                0x000000000800bb28                vtable for ros::Subscriber<adam_msg::LEd, void>
 .rodata._ZTVN3ros11NodeHandle_I13STM32HardwareLi25ELi25ELi1024ELi1024EEE
                0x000000000800bb40       0x14 ./Core/Src/MAIN/main.o
                0x000000000800bb40                vtable for ros::NodeHandle_<STM32Hardware, 25, 25, 1024, 1024>
 .rodata._ZTVN8adam_msg3LEdE
                0x000000000800bb54       0x18 ./Core/Src/MAIN/main.o
                0x000000000800bb54                vtable for adam_msg::LEd
 .rodata._ZTVN8std_msgs6StringE
                0x000000000800bb6c       0x18 ./Core/Src/MAIN/main.o
                0x000000000800bb6c                vtable for std_msgs::String
 .rodata._ZTVN3ros11Subscriber_E
                0x000000000800bb84       0x18 ./Core/Src/MAIN/main.o
                0x000000000800bb84                vtable for ros::Subscriber_
 .rodata._ZTVN3ros15NodeHandleBase_E
                0x000000000800bb9c       0x14 ./Core/Src/MAIN/main.o
                0x000000000800bb9c                vtable for ros::NodeHandleBase_
 .rodata._ZTVN8std_msgs4TimeE
                0x000000000800bbb0       0x18 ./Core/Src/MAIN/main.o
                0x000000000800bbb0                vtable for std_msgs::Time
 .rodata._ZTVN14rosserial_msgs9TopicInfoE
                0x000000000800bbc8       0x18 ./Core/Src/MAIN/main.o
                0x000000000800bbc8                vtable for rosserial_msgs::TopicInfo
 .rodata._ZTVN14rosserial_msgs20RequestParamResponseE
                0x000000000800bbe0       0x18 ./Core/Src/MAIN/main.o
                0x000000000800bbe0                vtable for rosserial_msgs::RequestParamResponse
 .rodata._ZTVN14rosserial_msgs3LogE
                0x000000000800bbf8       0x18 ./Core/Src/MAIN/main.o
                0x000000000800bbf8                vtable for rosserial_msgs::Log
 .rodata._ZTVN3ros3MsgE
                0x000000000800bc10       0x18 ./Core/Src/MAIN/main.o
                0x000000000800bc10                vtable for ros::Msg
 .rodata.AHBPrescTable
                0x000000000800bc28       0x10 ./Core/Src/system_stm32f4xx.o
                0x000000000800bc28                AHBPrescTable
 .rodata.APBPrescTable
                0x000000000800bc38        0x8 ./Core/Src/system_stm32f4xx.o
                0x000000000800bc38                APBPrescTable
 .rodata.flagBitshiftOffset.0
                0x000000000800bc40        0x8 ./Drivers/STM32F4xx_HAL_Driver/Src/stm32f4xx_hal_dma.o
 .rodata._svfprintf_r.str1.1
                0x000000000800bc48       0x11 /opt/st/stm32cubeide_1.12.0/plugins/com.st.stm32cube.ide.mcu.externaltools.gnu-tools-for-stm32.10.3-2021.10.linux64_1.0.200.202301161003/tools/bin/../lib/gcc/arm-none-eabi/10.3.1/../../../../arm-none-eabi/lib/thumb/v7e-m+fp/hard/libc_nano.a(lib_a-nano-svfprintf.o)
 .rodata._printf_i.str1.1
                0x000000000800bc59       0x22 /opt/st/stm32cubeide_1.12.0/plugins/com.st.stm32cube.ide.mcu.externaltools.gnu-tools-for-stm32.10.3-2021.10.linux64_1.0.200.202301161003/tools/bin/../lib/gcc/arm-none-eabi/10.3.1/../../../../arm-none-eabi/lib/thumb/v7e-m+fp/hard/libc_nano.a(lib_a-nano-vfprintf_i.o)
 *fill*         0x000000000800bc7b        0x1 
 .rodata.__sf_fake_stderr
                0x000000000800bc7c       0x20 /opt/st/stm32cubeide_1.12.0/plugins/com.st.stm32cube.ide.mcu.externaltools.gnu-tools-for-stm32.10.3-2021.10.linux64_1.0.200.202301161003/tools/bin/../lib/gcc/arm-none-eabi/10.3.1/../../../../arm-none-eabi/lib/thumb/v7e-m+fp/hard/libc_nano.a(lib_a-findfp.o)
                0x000000000800bc7c                __sf_fake_stderr
 .rodata.__sf_fake_stdin
                0x000000000800bc9c       0x20 /opt/st/stm32cubeide_1.12.0/plugins/com.st.stm32cube.ide.mcu.externaltools.gnu-tools-for-stm32.10.3-2021.10.linux64_1.0.200.202301161003/tools/bin/../lib/gcc/arm-none-eabi/10.3.1/../../../../arm-none-eabi/lib/thumb/v7e-m+fp/hard/libc_nano.a(lib_a-findfp.o)
                0x000000000800bc9c                __sf_fake_stdin
 .rodata.__sf_fake_stdout
                0x000000000800bcbc       0x20 /opt/st/stm32cubeide_1.12.0/plugins/com.st.stm32cube.ide.mcu.externaltools.gnu-tools-for-stm32.10.3-2021.10.linux64_1.0.200.202301161003/tools/bin/../lib/gcc/arm-none-eabi/10.3.1/../../../../arm-none-eabi/lib/thumb/v7e-m+fp/hard/libc_nano.a(lib_a-findfp.o)
                0x000000000800bcbc                __sf_fake_stdout
                0x000000000800bcdc                . = ALIGN (0x4)

.ARM.extab      0x000000000800bcdc        0x0
                0x000000000800bcdc                . = ALIGN (0x4)
 *(.ARM.extab* .gnu.linkonce.armextab.*)
                0x000000000800bcdc                . = ALIGN (0x4)

.ARM            0x000000000800bcdc        0x8
                0x000000000800bcdc                . = ALIGN (0x4)
                0x000000000800bcdc                __exidx_start = .
 *(.ARM.exidx*)
 .ARM.exidx     0x000000000800bcdc        0x8 /opt/st/stm32cubeide_1.12.0/plugins/com.st.stm32cube.ide.mcu.externaltools.gnu-tools-for-stm32.10.3-2021.10.linux64_1.0.200.202301161003/tools/bin/../lib/gcc/arm-none-eabi/10.3.1/thumb/v7e-m+fp/hard/libgcc.a(_udivmoddi4.o)
                0x000000000800bce4                __exidx_end = .
                0x000000000800bce4                . = ALIGN (0x4)

.rel.dyn        0x000000000800bce4        0x0
 .rel.iplt      0x000000000800bce4        0x0 /opt/st/stm32cubeide_1.12.0/plugins/com.st.stm32cube.ide.mcu.externaltools.gnu-tools-for-stm32.10.3-2021.10.linux64_1.0.200.202301161003/tools/bin/../lib/gcc/arm-none-eabi/10.3.1/thumb/v7e-m+fp/hard/crtbegin.o

.preinit_array  0x000000000800bce4        0x0
                0x000000000800bce4                . = ALIGN (0x4)
                0x000000000800bce4                PROVIDE (__preinit_array_start = .)
 *(.preinit_array*)
                0x000000000800bce4                PROVIDE (__preinit_array_end = .)
                0x000000000800bce4                . = ALIGN (0x4)

.init_array     0x000000000800bce4        0x8
                0x000000000800bce4                . = ALIGN (0x4)
                0x000000000800bce4                PROVIDE (__init_array_start = .)
 *(SORT_BY_NAME(.init_array.*))
 *(.init_array*)
 .init_array    0x000000000800bce4        0x4 /opt/st/stm32cubeide_1.12.0/plugins/com.st.stm32cube.ide.mcu.externaltools.gnu-tools-for-stm32.10.3-2021.10.linux64_1.0.200.202301161003/tools/bin/../lib/gcc/arm-none-eabi/10.3.1/thumb/v7e-m+fp/hard/crtbegin.o
 .init_array    0x000000000800bce8        0x4 ./Core/Src/MAIN/main.o
                0x000000000800bcec                PROVIDE (__init_array_end = .)
                0x000000000800bcec                . = ALIGN (0x4)

.fini_array     0x000000000800bcec        0x4
                0x000000000800bcec                . = ALIGN (0x4)
                [!provide]                        PROVIDE (__fini_array_start = .)
 *(SORT_BY_NAME(.fini_array.*))
 *(.fini_array*)
 .fini_array    0x000000000800bcec        0x4 /opt/st/stm32cubeide_1.12.0/plugins/com.st.stm32cube.ide.mcu.externaltools.gnu-tools-for-stm32.10.3-2021.10.linux64_1.0.200.202301161003/tools/bin/../lib/gcc/arm-none-eabi/10.3.1/thumb/v7e-m+fp/hard/crtbegin.o
                [!provide]                        PROVIDE (__fini_array_end = .)
                0x000000000800bcf0                . = ALIGN (0x4)
                0x000000000800bcf0                _sidata = LOADADDR (.data)

.data           0x0000000020000000       0x80 load address 0x000000000800bcf0
                0x0000000020000000                . = ALIGN (0x4)
                0x0000000020000000                _sdata = .
 *(.data)
 *(.data*)
 .data.SERIAL_USART
                0x0000000020000000        0xc ./Core/Src/ROS/hardwareserial.o
                0x0000000020000000                SERIAL_USART
 .data.SystemCoreClock
                0x000000002000000c        0x4 ./Core/Src/system_stm32f4xx.o
                0x000000002000000c                SystemCoreClock
 .data.uwTickPrio
                0x0000000020000010        0x4 ./Drivers/STM32F4xx_HAL_Driver/Src/stm32f4xx_hal.o
                0x0000000020000010                uwTickPrio
 .data.uwTickFreq
                0x0000000020000014        0x1 ./Drivers/STM32F4xx_HAL_Driver/Src/stm32f4xx_hal.o
                0x0000000020000014                uwTickFreq
 *fill*         0x0000000020000015        0x3 
 .data._ZN10__cxxabiv119__terminate_handlerE
                0x0000000020000018        0x4 /opt/st/stm32cubeide_1.12.0/plugins/com.st.stm32cube.ide.mcu.externaltools.gnu-tools-for-stm32.10.3-2021.10.linux64_1.0.200.202301161003/tools/bin/../lib/gcc/arm-none-eabi/10.3.1/../../../../arm-none-eabi/lib/thumb/v7e-m+fp/hard/libstdc++_nano.a(eh_term_handler.o)
                0x0000000020000018                __cxxabiv1::__terminate_handler
 .data._impure_ptr
                0x000000002000001c        0x4 /opt/st/stm32cubeide_1.12.0/plugins/com.st.stm32cube.ide.mcu.externaltools.gnu-tools-for-stm32.10.3-2021.10.linux64_1.0.200.202301161003/tools/bin/../lib/gcc/arm-none-eabi/10.3.1/../../../../arm-none-eabi/lib/thumb/v7e-m+fp/hard/libc_nano.a(lib_a-impure.o)
                0x000000002000001c                _impure_ptr
 .data.impure_data
                0x0000000020000020       0x60 /opt/st/stm32cubeide_1.12.0/plugins/com.st.stm32cube.ide.mcu.externaltools.gnu-tools-for-stm32.10.3-2021.10.linux64_1.0.200.202301161003/tools/bin/../lib/gcc/arm-none-eabi/10.3.1/../../../../arm-none-eabi/lib/thumb/v7e-m+fp/hard/libc_nano.a(lib_a-impure.o)
 *(.RamFunc)
 *(.RamFunc*)
                0x0000000020000080                . = ALIGN (0x4)
                0x0000000020000080                _edata = .

.igot.plt       0x0000000020000080        0x0 load address 0x000000000800bd70
 .igot.plt      0x0000000020000080        0x0 /opt/st/stm32cubeide_1.12.0/plugins/com.st.stm32cube.ide.mcu.externaltools.gnu-tools-for-stm32.10.3-2021.10.linux64_1.0.200.202301161003/tools/bin/../lib/gcc/arm-none-eabi/10.3.1/thumb/v7e-m+fp/hard/crtbegin.o
                0x0000000020000080                . = ALIGN (0x4)

.bss            0x0000000020000080     0x2ad4 load address 0x000000000800bd70
                0x0000000020000080                _sbss = .
                0x0000000020000080                __bss_start__ = _sbss
 *(.bss)
 .bss           0x0000000020000080       0x1c /opt/st/stm32cubeide_1.12.0/plugins/com.st.stm32cube.ide.mcu.externaltools.gnu-tools-for-stm32.10.3-2021.10.linux64_1.0.200.202301161003/tools/bin/../lib/gcc/arm-none-eabi/10.3.1/thumb/v7e-m+fp/hard/crtbegin.o
 *(.bss*)
 .bss.Serial    0x000000002000009c        0x1 ./Core/Src/MAIN/main.o
                0x000000002000009c                Serial
 *fill*         0x000000002000009d        0x3 
 .bss.t         0x00000000200000a0        0x4 ./Core/Src/MAIN/main.o
                0x00000000200000a0                t
 .bss.prev_update_time
                0x00000000200000a4        0x4 ./Core/Src/MAIN/main.o
                0x00000000200000a4                prev_update_time
 .bss.nh        0x00000000200000a8      0x934 ./Core/Src/MAIN/main.o
                0x00000000200000a8                nh
 .bss.current_time
                0x00000000200009dc        0x8 ./Core/Src/MAIN/main.o
                0x00000000200009dc                current_time
 .bss.current_offset
                0x00000000200009e4        0x4 ./Core/Src/MAIN/main.o
                0x00000000200009e4                current_offset
 .bss.led_sub   0x00000000200009e8       0x1c ./Core/Src/MAIN/main.o
                0x00000000200009e8                led_sub
 .bss.buffer    0x0000000020000a04       0xc8 ./Core/Src/MAIN/main.o
                0x0000000020000a04                buffer
 .bss.info_msg  0x0000000020000acc        0x8 ./Core/Src/MAIN/main.o
                0x0000000020000acc                info_msg
 .bss.info_pub  0x0000000020000ad4       0x14 ./Core/Src/MAIN/main.o
                0x0000000020000ad4                info_pub
 .bss._ZL5rxbuf
                0x0000000020000ae8      0x400 ./Core/Src/ROS/hardwareserial.o
 .bss._ZL8rb1_recv
                0x0000000020000ee8        0xc ./Core/Src/ROS/hardwareserial.o
 .bss._ZL8rb2_recv
                0x0000000020000ef4        0xc ./Core/Src/ROS/hardwareserial.o
 .bss._ZL8rb3_recv
                0x0000000020000f00        0xc ./Core/Src/ROS/hardwareserial.o
 .bss.buf2_flag
                0x0000000020000f0c        0x1 ./Core/Src/adapter.o
                0x0000000020000f0c                buf2_flag
 *fill*         0x0000000020000f0d        0x3 
 .bss.__sbrk_heap_end
                0x0000000020000f10        0x4 ./Core/Src/sysmem.o
 .bss.__malloc_free_list
                0x0000000020000f14        0x4 /opt/st/stm32cubeide_1.12.0/plugins/com.st.stm32cube.ide.mcu.externaltools.gnu-tools-for-stm32.10.3-2021.10.linux64_1.0.200.202301161003/tools/bin/../lib/gcc/arm-none-eabi/10.3.1/../../../../arm-none-eabi/lib/thumb/v7e-m+fp/hard/libc_nano.a(lib_a-nano-mallocr.o)
                0x0000000020000f14                __malloc_free_list
 .bss.__malloc_sbrk_start
                0x0000000020000f18        0x4 /opt/st/stm32cubeide_1.12.0/plugins/com.st.stm32cube.ide.mcu.externaltools.gnu-tools-for-stm32.10.3-2021.10.linux64_1.0.200.202301161003/tools/bin/../lib/gcc/arm-none-eabi/10.3.1/../../../../arm-none-eabi/lib/thumb/v7e-m+fp/hard/libc_nano.a(lib_a-nano-mallocr.o)
                0x0000000020000f18                __malloc_sbrk_start
 .bss.errno     0x0000000020000f1c        0x4 /opt/st/stm32cubeide_1.12.0/plugins/com.st.stm32cube.ide.mcu.externaltools.gnu-tools-for-stm32.10.3-2021.10.linux64_1.0.200.202301161003/tools/bin/../lib/gcc/arm-none-eabi/10.3.1/../../../../arm-none-eabi/lib/thumb/v7e-m+fp/hard/libc_nano.a(lib_a-reent.o)
                0x0000000020000f1c                errno
 .bss.__lock___malloc_recursive_mutex
                0x0000000020000f20        0x1 /opt/st/stm32cubeide_1.12.0/plugins/com.st.stm32cube.ide.mcu.externaltools.gnu-tools-for-stm32.10.3-2021.10.linux64_1.0.200.202301161003/tools/bin/../lib/gcc/arm-none-eabi/10.3.1/../../../../arm-none-eabi/lib/thumb/v7e-m+fp/hard/libc_nano.a(lib_a-lock.o)
                0x0000000020000f20                __lock___malloc_recursive_mutex
 *(COMMON)
 *fill*         0x0000000020000f21        0x3 