../Core/Src/BIOS/system.c:18:6:HAL_MspInit	16	static
../Core/Src/BIOS/system.c:48:6:HAL_ADC_MspInit	32	static
../Core/Src/BIOS/system.c:75:6:HAL_ADC_MspDeInit	16	static
../Core/Src/BIOS/system.c:115:6:HAL_CAN_MspInit	56	static
../Core/Src/BIOS/system.c:179:6:HAL_CAN_MspDeInit	16	static
../Core/Src/BIOS/system.c:239:6:HAL_I2C_MspInit	64	static
../Core/Src/BIOS/system.c:331:6:HAL_I2C_MspDeInit	16	static
../Core/Src/BIOS/system.c:406:6:HAL_TIM_PWM_MspInit	72	static
../Core/Src/BIOS/system.c:503:6:HAL_TIM_PWM_MspDeInit	16	static
../Core/Src/BIOS/system.c:590:6:HAL_TIM_Base_MspInit	72	static
../Core/Src/BIOS/system.c:681:6:HAL_TIM_MspPostInit	16	static
../Core/Src/BIOS/system.c:691:6:HAL_TIM_Base_MspDeInit	16	static
../Core/Src/BIOS/system.c:777:6:HAL_UART_MspInit	88	static
../Core/Src/BIOS/system.c:938:6:HAL_UART_MspDeInit	16	static
../Core/Src/BIOS/system.c:1058:6:HAL_TIM_Encoder_MspInit	88	static
../Core/Src/BIOS/system.c:1158:6:HAL_TIM_Encoder_MspDeInit	16	static
../Core/Src/BIOS/system.c:1216:6:HAL_SPI_MspInit	64	static
../Core/Src/BIOS/system.c:1306:6:HAL_SPI_MspDeInit	16	static
../Core/Src/BIOS/system.c:1347:6:SystemClock_Config	88	static
