../Core/Src/interrupt.c:24:6:NMI_Handler	4	static
../Core/Src/interrupt.c:32:6:HardFault_Handler	4	static
../Core/Src/interrupt.c:40:6:MemManage_Handler	4	static
../Core/Src/interrupt.c:49:6:BusFault_Handler	4	static
../Core/Src/interrupt.c:57:6:UsageFault_Handler	4	static
../Core/Src/interrupt.c:66:6:SVC_Handler	4	static
../Core/Src/interrupt.c:74:6:DebugMon_Handler	4	static
../Core/Src/interrupt.c:82:6:PendSV_Handler	4	static
../Core/Src/interrupt.c:90:6:SysTick_Handler	8	static
../Core/Src/interrupt.c:101:6:TIM1_UP_TIM10_IRQHandler	8	static
../Core/Src/interrupt.c:122:6:TIM2_IRQHandler	8	static
../Core/Src/interrupt.c:142:6:TIM3_IRQHandler	8	static
../Core/Src/interrupt.c:161:6:TIM4_IRQHandler	8	static
../Core/Src/interrupt.c:180:6:TIM5_IRQHandler	8	static
../Core/Src/interrupt.c:199:6:TIM8_UP_TIM13_IRQHandler	8	static
../Core/Src/interrupt.c:220:6:HAL_I2C_MasterRxCpltCallback	16	static
../Core/Src/interrupt.c:226:6:HAL_ADC_ConvCpltCallback	16	static
../Core/Src/interrupt.c:239:6:DMA2_Stream2_IRQHandler	4	static
