../Core/Src/ros_lib/ros/msg.h:47:7:constexpr ros::Msg::Msg()	16	static
../Core/Src/ros_lib/rosserial_msgs/Log.h:25:5:rosserial_msgs::Log::Log()	16	static
../Core/Src/ros_lib/rosserial_msgs/Log.h:31:17:virtual int rosserial_msgs::Log::serialize(unsigned char*) const	24	static
../Core/Src/ros_lib/rosserial_msgs/Log.h:44:17:virtual int rosserial_msgs::Log::deserialize(unsigned char*)	32	static
../Core/Src/ros_lib/rosserial_msgs/Log.h:61:18:virtual const char* rosserial_msgs::Log::getType()	16	static
../Core/Src/ros_lib/rosserial_msgs/Log.h:62:18:virtual const char* rosserial_msgs::Log::getMD5()	16	static
../Core/Src/ros_lib/rosserial_msgs/RequestParam.h:71:5:rosserial_msgs::RequestParamResponse::RequestParamResponse()	16	static
../Core/Src/ros_lib/rosserial_msgs/RequestParam.h:78:17:virtual int rosserial_msgs::RequestParamResponse::serialize(unsigned char*) const	48	static
../Core/Src/ros_lib/rosserial_msgs/RequestParam.h:130:17:virtual int rosserial_msgs::RequestParamResponse::deserialize(unsigned char*)	64	static
../Core/Src/ros_lib/rosserial_msgs/RequestParam.h:200:18:virtual const char* rosserial_msgs::RequestParamResponse::getType()	16	static
../Core/Src/ros_lib/rosserial_msgs/RequestParam.h:201:18:virtual const char* rosserial_msgs::RequestParamResponse::getMD5()	16	static
../Core/Src/ros_lib/rosserial_msgs/TopicInfo.h:34:5:rosserial_msgs::TopicInfo::TopicInfo()	16	static
../Core/Src/ros_lib/rosserial_msgs/TopicInfo.h:43:17:virtual int rosserial_msgs::TopicInfo::serialize(unsigned char*) const	40	static
../Core/Src/ros_lib/rosserial_msgs/TopicInfo.h:77:17:virtual int rosserial_msgs::TopicInfo::deserialize(unsigned char*)	48	static
../Core/Src/ros_lib/rosserial_msgs/TopicInfo.h:124:18:virtual const char* rosserial_msgs::TopicInfo::getType()	16	static
../Core/Src/ros_lib/rosserial_msgs/TopicInfo.h:125:18:virtual const char* rosserial_msgs::TopicInfo::getMD5()	16	static
../Core/Src/ros_lib/ros/time.h:51:3:ros::Time::Time()	16	static
../Core/Src/ros_lib/std_msgs/Time.h:19:5:std_msgs::Time::Time()	16	static
../Core/Src/ros_lib/std_msgs/Time.h:24:17:virtual int std_msgs::Time::serialize(unsigned char*) const	24	static
../Core/Src/ros_lib/std_msgs/Time.h:40:17:virtual int std_msgs::Time::deserialize(unsigned char*)	24	static
../Core/Src/ros_lib/std_msgs/Time.h:56:18:virtual const char* std_msgs::Time::getType()	16	static
../Core/Src/ros_lib/std_msgs/Time.h:57:18:virtual const char* std_msgs::Time::getMD5()	16	static
../Core/Src/ros_lib/ros/publisher.h:48:3:ros::Publisher::Publisher(const char*, ros::Msg*, int)	24	static
../Core/Src/ros_lib/ros/publisher.h:53:7:int ros::Publisher::publish(const ros::Msg*)	16	static
../Core/Src/ros_lib/ros/publisher.h:57:7:int ros::Publisher::getEndpointType()	16	static
../Core/Src/ROS/hardwareserial.h:11:2:HardwareSerial::HardwareSerial(Serial_TypeDef)	16	static
../Core/Src/ros_lib/STM32Hardware.h:15:5:STM32Hardware::STM32Hardware()	16	static
../Core/Src/ros_lib/STM32Hardware.h:25:10:void STM32Hardware::setBaud(long int)	16	static
../Core/Src/ros_lib/STM32Hardware.h:31:10:void STM32Hardware::init()	16	static
../Core/Src/ros_lib/STM32Hardware.h:35:9:int STM32Hardware::read()	16	static
../Core/Src/ros_lib/STM32Hardware.h:43:10:void STM32Hardware::write(uint8_t*, int)	32	static
../Core/Src/ros_lib/STM32Hardware.h:49:19:long unsigned int STM32Hardware::time()	16	static
../Core/Src/ros_lib/std_msgs/String.h:18:5:std_msgs::String::String()	16	static
../Core/Src/ros_lib/std_msgs/String.h:23:17:virtual int std_msgs::String::serialize(unsigned char*) const	24	static
../Core/Src/ros_lib/std_msgs/String.h:34:17:virtual int std_msgs::String::deserialize(unsigned char*)	32	static
../Core/Src/ros_lib/std_msgs/String.h:49:18:virtual const char* std_msgs::String::getType()	16	static
../Core/Src/ros_lib/std_msgs/String.h:50:18:virtual const char* std_msgs::String::getMD5()	16	static
../Core/Src/ros_lib/adam_msg/LEd.h:20:5:adam_msg::LEd::LEd()	16	static
../Core/Src/ros_lib/adam_msg/LEd.h:26:17:virtual int adam_msg::LEd::serialize(unsigned char*) const	32	static
../Core/Src/ros_lib/adam_msg/LEd.h:46:17:virtual int adam_msg::LEd::deserialize(unsigned char*)	32	static
../Core/Src/ros_lib/adam_msg/LEd.h:68:26:virtual const char* adam_msg::LEd::getType()	16	static
../Core/Src/ros_lib/adam_msg/LEd.h:69:26:virtual const char* adam_msg::LEd::getMD5()	16	static
../Core/Src/MAIN/main.cpp:36:5:int main()	8	static
../Core/Src/MAIN/main.cpp:55:6:void TIM6_DAC_IRQHandler()	8	static
../Core/Src/MAIN/main.cpp:66:6:void ROS_Init()	8	static
../Core/Src/MAIN/main.cpp:78:6:void ROS_Update()	8	static
../Core/Src/MAIN/main.cpp:89:6:void LEDCallback(const adam_msg::LEd&)	24	static
../Core/Src/MAIN/main.cpp:121:6:void updateTime()	24	static
../Core/Src/MAIN/main.cpp:130:11:ros::Time rosNow()	16	static
../Core/Src/MAIN/main.cpp:138:6:void Error_Handler()	4	static
../Core/Src/ros_lib/ros/msg.h:131:15:static void ros::Msg::varToArr(A, V) [with A = unsigned char*; V = long unsigned int]	24	static
../Core/Src/ros_lib/ros/msg.h:139:15:static void ros::Msg::arrToVar(V&, A) [with V = long unsigned int; A = unsigned char*]	24	static
../Core/Src/ros_lib/ros/node_handle.h:50:7:constexpr ros::NodeHandleBase_::NodeHandleBase_()	16	static
../Core/Src/ros_lib/ros/node_handle.h:128:3:ros::NodeHandle_<Hardware, MAX_SUBSCRIBERS, MAX_PUBLISHERS, INPUT_SIZE, OUTPUT_SIZE>::NodeHandle_() [with Hardware = STM32Hardware; int MAX_SUBSCRIBERS = 25; int MAX_PUBLISHERS = 25; int INPUT_SIZE = 1024; int OUTPUT_SIZE = 1024]	32	static
../Core/Src/ros_lib/ros/subscriber.h:44:7:ros::Subscriber_::Subscriber_()	16	static
../Core/Src/ros_lib/ros/subscriber.h:107:3:ros::Subscriber<MsgT, void>::Subscriber(const char*, ros::Subscriber<MsgT, void>::CallbackT, int) [with MsgT = adam_msg::LEd]	24	static
../Core/Src/ros_lib/ros/node_handle.h:212:15:int ros::NodeHandle_<Hardware, MAX_SUBSCRIBERS, MAX_PUBLISHERS, INPUT_SIZE, OUTPUT_SIZE>::spinOnce() [with Hardware = STM32Hardware; int MAX_SUBSCRIBERS = 25; int MAX_PUBLISHERS = 25; int INPUT_SIZE = 1024; int OUTPUT_SIZE = 1024]	24	static
../Core/Src/ros_lib/ros/node_handle.h:159:8:void ros::NodeHandle_<Hardware, MAX_SUBSCRIBERS, MAX_PUBLISHERS, INPUT_SIZE, OUTPUT_SIZE>::initNode() [with Hardware = STM32Hardware; int MAX_SUBSCRIBERS = 25; int MAX_PUBLISHERS = 25; int INPUT_SIZE = 1024; int OUTPUT_SIZE = 1024]	16	static
../Core/Src/ros_lib/ros/node_handle.h:153:13:Hardware* ros::NodeHandle_<Hardware, MAX_SUBSCRIBERS, MAX_PUBLISHERS, INPUT_SIZE, OUTPUT_SIZE>::getHardware() [with Hardware = STM32Hardware; int MAX_SUBSCRIBERS = 25; int MAX_PUBLISHERS = 25; int INPUT_SIZE = 1024; int OUTPUT_SIZE = 1024]	16	static
../Core/Src/ros_lib/ros/node_handle.h:432:8:bool ros::NodeHandle_<Hardware, MAX_SUBSCRIBERS, MAX_PUBLISHERS, INPUT_SIZE, OUTPUT_SIZE>::subscribe(SubscriberT&) [with SubscriberT = ros::Subscriber<adam_msg::LEd>; Hardware = STM32Hardware; int MAX_SUBSCRIBERS = 25; int MAX_PUBLISHERS = 25; int INPUT_SIZE = 1024; int OUTPUT_SIZE = 1024]	24	static
../Core/Src/ros_lib/ros/node_handle.h:415:8:bool ros::NodeHandle_<Hardware, MAX_SUBSCRIBERS, MAX_PUBLISHERS, INPUT_SIZE, OUTPUT_SIZE>::advertise(ros::Publisher&) [with Hardware = STM32Hardware; int MAX_SUBSCRIBERS = 25; int MAX_PUBLISHERS = 25; int INPUT_SIZE = 1024; int OUTPUT_SIZE = 1024]	24	static
../Core/Src/ros_lib/ros/node_handle.h:392:8:ros::Time ros::NodeHandle_<Hardware, MAX_SUBSCRIBERS, MAX_PUBLISHERS, INPUT_SIZE, OUTPUT_SIZE>::now() [with Hardware = STM32Hardware; int MAX_SUBSCRIBERS = 25; int MAX_PUBLISHERS = 25; int INPUT_SIZE = 1024; int OUTPUT_SIZE = 1024]	24	static
../Core/Src/ros_lib/ros/node_handle.h:372:8:void ros::NodeHandle_<Hardware, MAX_SUBSCRIBERS, MAX_PUBLISHERS, INPUT_SIZE, OUTPUT_SIZE>::requestSyncTime() [with Hardware = STM32Hardware; int MAX_SUBSCRIBERS = 25; int MAX_PUBLISHERS = 25; int INPUT_SIZE = 1024; int OUTPUT_SIZE = 1024]	32	static
../Core/Src/ros_lib/ros/node_handle.h:480:8:void ros::NodeHandle_<Hardware, MAX_SUBSCRIBERS, MAX_PUBLISHERS, INPUT_SIZE, OUTPUT_SIZE>::negotiateTopics() [with Hardware = STM32Hardware; int MAX_SUBSCRIBERS = 25; int MAX_PUBLISHERS = 25; int INPUT_SIZE = 1024; int OUTPUT_SIZE = 1024]	56	static
../Core/Src/ros_lib/ros/node_handle.h:379:8:void ros::NodeHandle_<Hardware, MAX_SUBSCRIBERS, MAX_PUBLISHERS, INPUT_SIZE, OUTPUT_SIZE>::syncTime(uint8_t*) [with Hardware = STM32Hardware; int MAX_SUBSCRIBERS = 25; int MAX_PUBLISHERS = 25; int INPUT_SIZE = 1024; int OUTPUT_SIZE = 1024]	32	static
../Core/Src/ros_lib/ros/node_handle.h:511:15:int ros::NodeHandle_<Hardware, MAX_SUBSCRIBERS, MAX_PUBLISHERS, INPUT_SIZE, OUTPUT_SIZE>::publish(int, const ros::Msg*) [with Hardware = STM32Hardware; int MAX_SUBSCRIBERS = 25; int MAX_PUBLISHERS = 25; int INPUT_SIZE = 1024; int OUTPUT_SIZE = 1024]	40	static
../Core/Src/ros_lib/ros/node_handle.h:402:8:void ros::NodeHandle_<Hardware, MAX_SUBSCRIBERS, MAX_PUBLISHERS, INPUT_SIZE, OUTPUT_SIZE>::setNow(ros::Time&) [with Hardware = STM32Hardware; int MAX_SUBSCRIBERS = 25; int MAX_PUBLISHERS = 25; int INPUT_SIZE = 1024; int OUTPUT_SIZE = 1024]	24	static
../Core/Src/ros_lib/ros/node_handle.h:573:8:void ros::NodeHandle_<Hardware, MAX_SUBSCRIBERS, MAX_PUBLISHERS, INPUT_SIZE, OUTPUT_SIZE>::logerror(const char*) [with Hardware = STM32Hardware; int MAX_SUBSCRIBERS = 25; int MAX_PUBLISHERS = 25; int INPUT_SIZE = 1024; int OUTPUT_SIZE = 1024]	16	static
../Core/Src/ros_lib/ros/node_handle.h:552:8:void ros::NodeHandle_<Hardware, MAX_SUBSCRIBERS, MAX_PUBLISHERS, INPUT_SIZE, OUTPUT_SIZE>::log(char, const char*) [with Hardware = STM32Hardware; int MAX_SUBSCRIBERS = 25; int MAX_PUBLISHERS = 25; int INPUT_SIZE = 1024; int OUTPUT_SIZE = 1024]	40	static
../Core/Src/MAIN/main.cpp:143:1:void __static_initialization_and_destruction_0(int, int)	16	static
../Core/Src/ros_lib/ros/subscriber.h:114:16:void ros::Subscriber<MsgT, void>::callback(unsigned char*) [with MsgT = adam_msg::LEd]	16	static
../Core/Src/ros_lib/ros/subscriber.h:128:15:int ros::Subscriber<MsgT, void>::getEndpointType() [with MsgT = adam_msg::LEd]	16	static
../Core/Src/ros_lib/ros/subscriber.h:120:24:const char* ros::Subscriber<MsgT, void>::getMsgType() [with MsgT = adam_msg::LEd]	16	static
../Core/Src/ros_lib/ros/subscriber.h:124:24:const char* ros::Subscriber<MsgT, void>::getMsgMD5() [with MsgT = adam_msg::LEd]	16	static
../Core/Src/ros_lib/ros/node_handle.h:363:16:bool ros::NodeHandle_<Hardware, MAX_SUBSCRIBERS, MAX_PUBLISHERS, INPUT_SIZE, OUTPUT_SIZE>::connected() [with Hardware = STM32Hardware; int MAX_SUBSCRIBERS = 25; int MAX_PUBLISHERS = 25; int INPUT_SIZE = 1024; int OUTPUT_SIZE = 1024]	16	static
../Core/Src/MAIN/main.cpp:143:1:cpp)	8	static
